Archive member included to satisfy reference by file (symbol)

f:/atollic/truestudio for arm 8.0.0/armtools/bin/../lib/gcc/arm-atollic-eabi/6.3.1/../../../../arm-atollic-eabi/lib/armv7e-m/fpu\libc_nano.a(lib_a-errno.o)
                              Middlewares\Third_Party\LwIP\src\api\sockets.o (__errno)
f:/atollic/truestudio for arm 8.0.0/armtools/bin/../lib/gcc/arm-atollic-eabi/6.3.1/../../../../arm-atollic-eabi/lib/armv7e-m/fpu\libc_nano.a(lib_a-impure.o)
                              f:/atollic/truestudio for arm 8.0.0/armtools/bin/../lib/gcc/arm-atollic-eabi/6.3.1/../../../../arm-atollic-eabi/lib/armv7e-m/fpu\libc_nano.a(lib_a-errno.o) (_impure_ptr)
f:/atollic/truestudio for arm 8.0.0/armtools/bin/../lib/gcc/arm-atollic-eabi/6.3.1/../../../../arm-atollic-eabi/lib/armv7e-m/fpu\libc_nano.a(lib_a-init.o)
                              startup\startup_stm32f429xx.o (__libc_init_array)
f:/atollic/truestudio for arm 8.0.0/armtools/bin/../lib/gcc/arm-atollic-eabi/6.3.1/../../../../arm-atollic-eabi/lib/armv7e-m/fpu\libc_nano.a(lib_a-memcmp.o)
                              Middlewares\Third_Party\LwIP\src\netif\etharp.o (memcmp)
f:/atollic/truestudio for arm 8.0.0/armtools/bin/../lib/gcc/arm-atollic-eabi/6.3.1/../../../../arm-atollic-eabi/lib/armv7e-m/fpu\libc_nano.a(lib_a-memcpy-stub.o)
                              Middlewares\Third_Party\FreeRTOS\Source\queue.o (memcpy)
f:/atollic/truestudio for arm 8.0.0/armtools/bin/../lib/gcc/arm-atollic-eabi/6.3.1/../../../../arm-atollic-eabi/lib/armv7e-m/fpu\libc_nano.a(lib_a-memset.o)
                              Middlewares\Third_Party\FreeRTOS\Source\tasks.o (memset)
f:/atollic/truestudio for arm 8.0.0/armtools/bin/../lib/gcc/arm-atollic-eabi/6.3.1/../../../../arm-atollic-eabi/lib/armv7e-m/fpu\libc_nano.a(lib_a-printf.o)
                              Src\main.o (printf)
f:/atollic/truestudio for arm 8.0.0/armtools/bin/../lib/gcc/arm-atollic-eabi/6.3.1/../../../../arm-atollic-eabi/lib/armv7e-m/fpu\libc_nano.a(lib_a-puts.o)
                              Src\ethernetif.o (puts)
f:/atollic/truestudio for arm 8.0.0/armtools/bin/../lib/gcc/arm-atollic-eabi/6.3.1/../../../../arm-atollic-eabi/lib/armv7e-m/fpu\libc_nano.a(lib_a-strerror.o)
                              Src\main.o (strerror)
f:/atollic/truestudio for arm 8.0.0/armtools/bin/../lib/gcc/arm-atollic-eabi/6.3.1/../../../../arm-atollic-eabi/lib/armv7e-m/fpu\libc_nano.a(lib_a-strlen.o)
                              Middlewares\Third_Party\LwIP\src\core\pbuf.o (strlen)
f:/atollic/truestudio for arm 8.0.0/armtools/bin/../lib/gcc/arm-atollic-eabi/6.3.1/../../../../arm-atollic-eabi/lib/armv7e-m/fpu\libc_nano.a(lib_a-u_strerr.o)
                              f:/atollic/truestudio for arm 8.0.0/armtools/bin/../lib/gcc/arm-atollic-eabi/6.3.1/../../../../arm-atollic-eabi/lib/armv7e-m/fpu\libc_nano.a(lib_a-strerror.o) (_user_strerror)
f:/atollic/truestudio for arm 8.0.0/armtools/bin/../lib/gcc/arm-atollic-eabi/6.3.1/../../../../arm-atollic-eabi/lib/armv7e-m/fpu\libc_nano.a(lib_a-wbuf.o)
                              f:/atollic/truestudio for arm 8.0.0/armtools/bin/../lib/gcc/arm-atollic-eabi/6.3.1/../../../../arm-atollic-eabi/lib/armv7e-m/fpu\libc_nano.a(lib_a-puts.o) (__swbuf_r)
f:/atollic/truestudio for arm 8.0.0/armtools/bin/../lib/gcc/arm-atollic-eabi/6.3.1/../../../../arm-atollic-eabi/lib/armv7e-m/fpu\libc_nano.a(lib_a-wsetup.o)
                              f:/atollic/truestudio for arm 8.0.0/armtools/bin/../lib/gcc/arm-atollic-eabi/6.3.1/../../../../arm-atollic-eabi/lib/armv7e-m/fpu\libc_nano.a(lib_a-puts.o) (__swsetup_r)
f:/atollic/truestudio for arm 8.0.0/armtools/bin/../lib/gcc/arm-atollic-eabi/6.3.1/../../../../arm-atollic-eabi/lib/armv7e-m/fpu\libc_nano.a(lib_a-fflush.o)
                              f:/atollic/truestudio for arm 8.0.0/armtools/bin/../lib/gcc/arm-atollic-eabi/6.3.1/../../../../arm-atollic-eabi/lib/armv7e-m/fpu\libc_nano.a(lib_a-wbuf.o) (_fflush_r)
f:/atollic/truestudio for arm 8.0.0/armtools/bin/../lib/gcc/arm-atollic-eabi/6.3.1/../../../../arm-atollic-eabi/lib/armv7e-m/fpu\libc_nano.a(lib_a-findfp.o)
                              f:/atollic/truestudio for arm 8.0.0/armtools/bin/../lib/gcc/arm-atollic-eabi/6.3.1/../../../../arm-atollic-eabi/lib/armv7e-m/fpu\libc_nano.a(lib_a-printf.o) (__sinit)
f:/atollic/truestudio for arm 8.0.0/armtools/bin/../lib/gcc/arm-atollic-eabi/6.3.1/../../../../arm-atollic-eabi/lib/armv7e-m/fpu\libc_nano.a(lib_a-fwalk.o)
                              f:/atollic/truestudio for arm 8.0.0/armtools/bin/../lib/gcc/arm-atollic-eabi/6.3.1/../../../../arm-atollic-eabi/lib/armv7e-m/fpu\libc_nano.a(lib_a-findfp.o) (_fwalk)
f:/atollic/truestudio for arm 8.0.0/armtools/bin/../lib/gcc/arm-atollic-eabi/6.3.1/../../../../arm-atollic-eabi/lib/armv7e-m/fpu\libc_nano.a(lib_a-makebuf.o)
                              f:/atollic/truestudio for arm 8.0.0/armtools/bin/../lib/gcc/arm-atollic-eabi/6.3.1/../../../../arm-atollic-eabi/lib/armv7e-m/fpu\libc_nano.a(lib_a-wsetup.o) (__smakebuf_r)
[...]
Memory Configuration

Name             Origin             Length             Attributes
RAM              0x20000000         0x00030000         xrw
CCMRAM           0x10000000         0x00010000         rw
FLASH            0x08000000         0x00100000         xr
*default*        0x00000000         0xffffffff

Linker script and memory map

LOAD f:/atollic/truestudio for arm 8.0.0/armtools/bin/../lib/gcc/arm-atollic-eabi/6.3.1/armv7e-m/fpu/crti.o
LOAD f:/atollic/truestudio for arm 8.0.0/armtools/bin/../lib/gcc/arm-atollic-eabi/6.3.1/armv7e-m/fpu/crtbegin.o
LOAD Drivers\STM32F4xx_HAL_Driver\Src\stm32f4xx_hal.o
LOAD Drivers\STM32F4xx_HAL_Driver\Src\stm32f4xx_hal_adc.o
LOAD Drivers\STM32F4xx_HAL_Driver\Src\stm32f4xx_hal_adc_ex.o
LOAD Drivers\STM32F4xx_HAL_Driver\Src\stm32f4xx_hal_can.o
LOAD Drivers\STM32F4xx_HAL_Driver\Src\stm32f4xx_hal_cec.o
LOAD Drivers\STM32F4xx_HAL_Driver\Src\stm32f4xx_hal_cortex.o
LOAD Drivers\STM32F4xx_HAL_Driver\Src\stm32f4xx_hal_crc.o
LOAD Drivers\STM32F4xx_HAL_Driver\Src\stm32f4xx_hal_cryp.o
LOAD Drivers\STM32F4xx_HAL_Driver\Src\stm32f4xx_hal_cryp_ex.o
LOAD Drivers\STM32F4xx_HAL_Driver\Src\stm32f4xx_hal_dac.o
LOAD Drivers\STM32F4xx_HAL_Driver\Src\stm32f4xx_hal_dac_ex.o
LOAD Drivers\STM32F4xx_HAL_Driver\Src\stm32f4xx_hal_dcmi.o
LOAD Drivers\STM32F4xx_HAL_Driver\Src\stm32f4xx_hal_dcmi_ex.o
LOAD Drivers\STM32F4xx_HAL_Driver\Src\stm32f4xx_hal_dfsdm.o
LOAD Drivers\STM32F4xx_HAL_Driver\Src\stm32f4xx_hal_dma.o
LOAD Drivers\STM32F4xx_HAL_Driver\Src\stm32f4xx_hal_dma2d.o
LOAD Drivers\STM32F4xx_HAL_Driver\Src\stm32f4xx_hal_dma_ex.o
LOAD Drivers\STM32F4xx_HAL_Driver\Src\stm32f4xx_hal_dsi.o
LOAD Drivers\STM32F4xx_HAL_Driver\Src\stm32f4xx_hal_eth.o
LOAD Drivers\STM32F4xx_HAL_Driver\Src\stm32f4xx_hal_flash.o
LOAD Drivers\STM32F4xx_HAL_Driver\Src\stm32f4xx_hal_flash_ex.o
LOAD Drivers\STM32F4xx_HAL_Driver\Src\stm32f4xx_hal_flash_ramfunc.o
LOAD Drivers\STM32F4xx_HAL_Driver\Src\stm32f4xx_hal_fmpi2c.o
LOAD Drivers\STM32F4xx_HAL_Driver\Src\stm32f4xx_hal_fmpi2c_ex.o
LOAD Drivers\STM32F4xx_HAL_Driver\Src\stm32f4xx_hal_gpio.o
LOAD Drivers\STM32F4xx_HAL_Driver\Src\stm32f4xx_hal_hash.o
LOAD Drivers\STM32F4xx_HAL_Driver\Src\stm32f4xx_hal_hash_ex.o
LOAD Drivers\STM32F4xx_HAL_Driver\Src\stm32f4xx_hal_hcd.o
LOAD Drivers\STM32F4xx_HAL_Driver\Src\stm32f4xx_hal_i2c.o
LOAD Drivers\STM32F4xx_HAL_Driver\Src\stm32f4xx_hal_i2c_ex.o
LOAD Drivers\STM32F4xx_HAL_Driver\Src\stm32f4xx_hal_i2s.o
LOAD Drivers\STM32F4xx_HAL_Driver\Src\stm32f4xx_hal_i2s_ex.o
LOAD Drivers\STM32F4xx_HAL_Driver\Src\stm32f4xx_hal_irda.o
LOAD Drivers\STM32F4xx_HAL_Driver\Src\stm32f4xx_hal_iwdg.o
LOAD Drivers\STM32F4xx_HAL_Driver\Src\stm32f4xx_hal_lptim.o
LOAD Drivers\STM32F4xx_HAL_Driver\Src\stm32f4xx_hal_ltdc.o
LOAD Drivers\STM32F4xx_HAL_Driver\Src\stm32f4xx_hal_ltdc_ex.o
LOAD Drivers\STM32F4xx_HAL_Driver\Src\stm32f4xx_hal_nand.o
LOAD Drivers\STM32F4xx_HAL_Driver\Src\stm32f4xx_hal_nor.o
LOAD Drivers\STM32F4xx_HAL_Driver\Src\stm32f4xx_hal_pccard.o
LOAD Drivers\STM32F4xx_HAL_Driver\Src\stm32f4xx_hal_pcd.o
LOAD Drivers\STM32F4xx_HAL_Driver\Src\stm32f4xx_hal_pcd_ex.o
LOAD Drivers\STM32F4xx_HAL_Driver\Src\stm32f4xx_hal_pwr.o
LOAD Drivers\STM32F4xx_HAL_Driver\Src\stm32f4xx_hal_pwr_ex.o
LOAD Drivers\STM32F4xx_HAL_Driver\Src\stm32f4xx_hal_qspi.o
LOAD Drivers\STM32F4xx_HAL_Driver\Src\stm32f4xx_hal_rcc.o
LOAD Drivers\STM32F4xx_HAL_Driver\Src\stm32f4xx_hal_rcc_ex.o
LOAD Drivers\STM32F4xx_HAL_Driver\Src\stm32f4xx_hal_rng.o
LOAD Drivers\STM32F4xx_HAL_Driver\Src\stm32f4xx_hal_rtc.o
LOAD Drivers\STM32F4xx_HAL_Driver\Src\stm32f4xx_hal_rtc_ex.o
LOAD Drivers\STM32F4xx_HAL_Driver\Src\stm32f4xx_hal_sai.o
LOAD Drivers\STM32F4xx_HAL_Driver\Src\stm32f4xx_hal_sai_ex.o
LOAD Drivers\STM32F4xx_HAL_Driver\Src\stm32f4xx_hal_sd.o
LOAD Drivers\STM32F4xx_HAL_Driver\Src\stm32f4xx_hal_sdram.o
LOAD Drivers\STM32F4xx_HAL_Driver\Src\stm32f4xx_hal_smartcard.o
LOAD Drivers\STM32F4xx_HAL_Driver\Src\stm32f4xx_hal_spdifrx.o
LOAD Drivers\STM32F4xx_HAL_Driver\Src\stm32f4xx_hal_spi.o
LOAD Drivers\STM32F4xx_HAL_Driver\Src\stm32f4xx_hal_sram.o
LOAD Drivers\STM32F4xx_HAL_Driver\Src\stm32f4xx_hal_tim.o
LOAD Drivers\STM32F4xx_HAL_Driver\Src\stm32f4xx_hal_tim_ex.o
LOAD Drivers\STM32F4xx_HAL_Driver\Src\stm32f4xx_hal_uart.o
LOAD Drivers\STM32F4xx_HAL_Driver\Src\stm32f4xx_hal_usart.o
LOAD Drivers\STM32F4xx_HAL_Driver\Src\stm32f4xx_hal_wwdg.o
LOAD Drivers\STM32F4xx_HAL_Driver\Src\stm32f4xx_ll_fmc.o
LOAD Drivers\STM32F4xx_HAL_Driver\Src\stm32f4xx_ll_fsmc.o
LOAD Drivers\STM32F4xx_HAL_Driver\Src\stm32f4xx_ll_sdmmc.o
LOAD Drivers\STM32F4xx_HAL_Driver\Src\stm32f4xx_ll_usb.o
LOAD Middlewares\Third_Party\FreeRTOS\Source\CMSIS_RTOS\cmsis_os.o
LOAD Middlewares\Third_Party\FreeRTOS\Source\croutine.o
LOAD Middlewares\Third_Party\FreeRTOS\Source\event_groups.o
LOAD Middlewares\Third_Party\FreeRTOS\Source\list.o
LOAD Middlewares\Third_Party\FreeRTOS\Source\portable\GCC\ARM_CM4F\port.o
LOAD Middlewares\Third_Party\FreeRTOS\Source\portable\MemMang\heap_4.o
LOAD Middlewares\Third_Party\FreeRTOS\Source\queue.o
LOAD Middlewares\Third_Party\FreeRTOS\Source\tasks.o
LOAD Middlewares\Third_Party\FreeRTOS\Source\timers.o
LOAD Middlewares\Third_Party\LwIP\src\api\api_lib.o
LOAD Middlewares\Third_Party\LwIP\src\api\api_msg.o
LOAD Middlewares\Third_Party\LwIP\src\api\err.o
LOAD Middlewares\Third_Party\LwIP\src\api\netbuf.o
LOAD Middlewares\Third_Party\LwIP\src\api\netdb.o
LOAD Middlewares\Third_Party\LwIP\src\api\netifapi.o
LOAD Middlewares\Third_Party\LwIP\src\api\pppapi.o
LOAD Middlewares\Third_Party\LwIP\src\api\sockets.o
LOAD Middlewares\Third_Party\LwIP\src\api\tcpip.o
LOAD Middlewares\Third_Party\LwIP\src\core\def.o
LOAD Middlewares\Third_Party\LwIP\src\core\dns.o
LOAD Middlewares\Third_Party\LwIP\src\core\inet_chksum.o
LOAD Middlewares\Third_Party\LwIP\src\core\init.o
LOAD Middlewares\Third_Party\LwIP\src\core\ipv4\autoip.o
LOAD Middlewares\Third_Party\LwIP\src\core\ipv4\dhcp.o
LOAD Middlewares\Third_Party\LwIP\src\core\ipv4\icmp.o
LOAD Middlewares\Third_Party\LwIP\src\core\ipv4\igmp.o
LOAD Middlewares\Third_Party\LwIP\src\core\ipv4\ip4.o
LOAD Middlewares\Third_Party\LwIP\src\core\ipv4\ip4_addr.o
LOAD Middlewares\Third_Party\LwIP\src\core\ipv4\ip_frag.o
LOAD Middlewares\Third_Party\LwIP\src\core\ipv6\dhcp6.o
LOAD Middlewares\Third_Party\LwIP\src\core\ipv6\ethip6.o
LOAD Middlewares\Third_Party\LwIP\src\core\ipv6\icmp6.o
LOAD Middlewares\Third_Party\LwIP\src\core\ipv6\inet6.o
LOAD Middlewares\Third_Party\LwIP\src\core\ipv6\ip6.o
LOAD Middlewares\Third_Party\LwIP\src\core\ipv6\ip6_addr.o
LOAD Middlewares\Third_Party\LwIP\src\core\ipv6\ip6_frag.o
LOAD Middlewares\Third_Party\LwIP\src\core\ipv6\mld6.o
LOAD Middlewares\Third_Party\LwIP\src\core\ipv6\nd6.o
LOAD Middlewares\Third_Party\LwIP\src\core\lwip_timers.o
LOAD Middlewares\Third_Party\LwIP\src\core\mem.o
LOAD Middlewares\Third_Party\LwIP\src\core\memp.o
LOAD Middlewares\Third_Party\LwIP\src\core\netif.o
LOAD Middlewares\Third_Party\LwIP\src\core\pbuf.o
LOAD Middlewares\Third_Party\LwIP\src\core\raw.o
LOAD Middlewares\Third_Party\LwIP\src\core\stats.o
LOAD Middlewares\Third_Party\LwIP\src\core\sys.o
LOAD Middlewares\Third_Party\LwIP\src\core\tcp.o
LOAD Middlewares\Third_Party\LwIP\src\core\tcp_in.o
LOAD Middlewares\Third_Party\LwIP\src\core\tcp_out.o
LOAD Middlewares\Third_Party\LwIP\src\core\udp.o
LOAD Middlewares\Third_Party\LwIP\src\netif\etharp.o
LOAD Middlewares\Third_Party\LwIP\src\netif\ethernetif.o
LOAD Middlewares\Third_Party\LwIP\src\netif\ppp\auth.o
LOAD Middlewares\Third_Party\LwIP\src\netif\ppp\ccp.o
LOAD Middlewares\Third_Party\LwIP\src\netif\ppp\chap-md5.o
LOAD Middlewares\Third_Party\LwIP\src\netif\ppp\chap-new.o
LOAD Middlewares\Third_Party\LwIP\src\netif\ppp\chap_ms.o
LOAD Middlewares\Third_Party\LwIP\src\netif\ppp\demand.o
LOAD Middlewares\Third_Party\LwIP\src\netif\ppp\eap.o
LOAD Middlewares\Third_Party\LwIP\src\netif\ppp\ecp.o
LOAD Middlewares\Third_Party\LwIP\src\netif\ppp\eui64.o
LOAD Middlewares\Third_Party\LwIP\src\netif\ppp\fsm.o
LOAD Middlewares\Third_Party\LwIP\src\netif\ppp\ipcp.o
LOAD Middlewares\Third_Party\LwIP\src\netif\ppp\ipv6cp.o
LOAD Middlewares\Third_Party\LwIP\src\netif\ppp\lcp.o
LOAD Middlewares\Third_Party\LwIP\src\netif\ppp\magic.o
LOAD Middlewares\Third_Party\LwIP\src\netif\ppp\mppe.o
LOAD Middlewares\Third_Party\LwIP\src\netif\ppp\multilink.o
LOAD Middlewares\Third_Party\LwIP\src\netif\ppp\polarssl\arc4.o
LOAD Middlewares\Third_Party\LwIP\src\netif\ppp\polarssl\des.o
LOAD Middlewares\Third_Party\LwIP\src\netif\ppp\polarssl\md4.o
LOAD Middlewares\Third_Party\LwIP\src\netif\ppp\polarssl\md5.o
LOAD Middlewares\Third_Party\LwIP\src\netif\ppp\polarssl\sha1.o
LOAD Middlewares\Third_Party\LwIP\src\netif\ppp\ppp.o
LOAD Middlewares\Third_Party\LwIP\src\netif\ppp\pppcrypt.o
LOAD Middlewares\Third_Party\LwIP\src\netif\ppp\pppoe.o
LOAD Middlewares\Third_Party\LwIP\src\netif\ppp\pppol2tp.o
LOAD Middlewares\Third_Party\LwIP\src\netif\ppp\pppos.o
LOAD Middlewares\Third_Party\LwIP\src\netif\ppp\upap.o
LOAD Middlewares\Third_Party\LwIP\src\netif\ppp\utils.o
LOAD Middlewares\Third_Party\LwIP\src\netif\ppp\vj.o
LOAD Middlewares\Third_Party\LwIP\src\netif\slipif.o
LOAD Middlewares\Third_Party\LwIP\system\OS\sys_arch.o
LOAD Src\ethernetif.o
LOAD Src\freertos.o
LOAD Src\gpio.o
LOAD Src\i2c.o
LOAD Src\lwip.o
LOAD Src\main.o
LOAD Src\rtc.o
LOAD Src\stm32f4xx_hal_msp.o
LOAD Src\stm32f4xx_hal_timebase_TIM.o
LOAD Src\stm32f4xx_it.o
LOAD Src\system_stm32f4xx.o
LOAD Src\tim.o
LOAD Src\usart.o
LOAD startup\startup_stm32f429xx.o
                0x00000080                malloc_getpagesize_P = 0x80
START GROUP
LOAD f:/atollic/truestudio for arm 8.0.0/armtools/bin/../lib/gcc/arm-atollic-eabi/6.3.1/../../../../arm-atollic-eabi/lib/armv7e-m/fpu\libc_nano.a
LOAD f:/atollic/truestudio for arm 8.0.0/armtools/bin/../lib/gcc/arm-atollic-eabi/6.3.1/../../../../arm-atollic-eabi/lib/armv7e-m/fpu\libm.a
END GROUP
START GROUP
LOAD f:/atollic/truestudio for arm 8.0.0/armtools/bin/../lib/gcc/arm-atollic-eabi/6.3.1/armv7e-m/fpu\libgcc.a
LOAD f:/atollic/truestudio for arm 8.0.0/armtools/bin/../lib/gcc/arm-atollic-eabi/6.3.1/../../../../arm-atollic-eabi/lib/armv7e-m/fpu\libc_nano.a
END GROUP
START GROUP
LOAD f:/atollic/truestudio for arm 8.0.0/armtools/bin/../lib/gcc/arm-atollic-eabi/6.3.1/armv7e-m/fpu\libgcc.a
LOAD f:/atollic/truestudio for arm 8.0.0/armtools/bin/../lib/gcc/arm-atollic-eabi/6.3.1/../../../../arm-atollic-eabi/lib/armv7e-m/fpu\libc_nano.a
LOAD f:/atollic/truestudio for arm 8.0.0/armtools/bin/../lib/gcc/arm-atollic-eabi/6.3.1/../../../../arm-atollic-eabi/lib/armv7e-m/fpu\libnosys.a
END GROUP
START GROUP
LOAD f:/atollic/truestudio for arm 8.0.0/armtools/bin/../lib/gcc/arm-atollic-eabi/6.3.1/armv7e-m/fpu\libgcc.a
LOAD f:/atollic/truestudio for arm 8.0.0/armtools/bin/../lib/gcc/arm-atollic-eabi/6.3.1/../../../../arm-atollic-eabi/lib/armv7e-m/fpu\libc_nano.a
LOAD f:/atollic/truestudio for arm 8.0.0/armtools/bin/../lib/gcc/arm-atollic-eabi/6.3.1/../../../../arm-atollic-eabi/lib/armv7e-m/fpu\libnosys.a
END GROUP
LOAD f:/atollic/truestudio for arm 8.0.0/armtools/bin/../lib/gcc/arm-atollic-eabi/6.3.1/armv7e-m/fpu/crtend.o
LOAD f:/atollic/truestudio for arm 8.0.0/armtools/bin/../lib/gcc/arm-atollic-eabi/6.3.1/armv7e-m/fpu/crtn.o
                0x20030000                _estack = 0x20030000
                0x00000200                _Min_Heap_Size = 0x200
                0x00000400                _Min_Stack_Size = 0x400

.isr_vector     0x08000000      0x1ac
                0x08000000                . = ALIGN (0x4)
 *(.isr_vector)
 .isr_vector    0x08000000      0x1ac startup\startup_stm32f429xx.o
                0x08000000                g_pfnVectors
                0x080001ac                . = ALIGN (0x4)

.text           0x080001b0     0xce24
                0x080001b0                . = ALIGN (0x4)
 *(.text)
 .text          0x080001b0       0x40 f:/atollic/truestudio for arm 8.0.0/armtools/bin/../lib/gcc/arm-atollic-eabi/6.3.1/armv7e-m/fpu/crtbegin.o
 .text          0x080001f0       0x10 f:/atollic/truestudio for arm 8.0.0/armtools/bin/../lib/gcc/arm-atollic-eabi/6.3.1/../../../../arm-atollic-eabi/lib/armv7e-m/fpu\libc_nano.a(lib_a-strlen.o)
                0x080001f0                strlen
 .text          0x08000200       0xa0 f:/atollic/truestudio for arm 8.0.0/armtools/bin/../lib/gcc/arm-atollic-eabi/6.3.1/../../../../arm-atollic-eabi/lib/armv7e-m/fpu\libc_nano.a(lib_a-memchr.o)
                0x08000200                memchr
 .text          0x080002a0       0x30 f:/atollic/truestudio for arm 8.0.0/armtools/bin/../lib/gcc/arm-atollic-eabi/6.3.1/armv7e-m/fpu\libgcc.a(_aeabi_uldivmod.o)
                0x080002a0                __aeabi_uldivmod
 .text          0x080002d0      0x2dc f:/atollic/truestudio for arm 8.0.0/armtools/bin/../lib/gcc/arm-atollic-eabi/6.3.1/armv7e-m/fpu\libgcc.a(_udivmoddi4.o)
                0x080002d0                __udivmoddi4
 .text          0x080005ac        0x4 f:/atollic/truestudio for arm 8.0.0/armtools/bin/../lib/gcc/arm-atollic-eabi/6.3.1/armv7e-m/fpu\libgcc.a(_dvmd_tls.o)
                0x080005ac                __aeabi_idiv0
                0x080005ac                __aeabi_ldiv0
 *(.text*)
 .text.HAL_Init
                0x080005b0       0x34 Drivers\STM32F4xx_HAL_Driver\Src\stm32f4xx_hal.o
                0x080005b0                HAL_Init
 .text.HAL_IncTick
                0x080005e4       0x10 Drivers\STM32F4xx_HAL_Driver\Src\stm32f4xx_hal.o
                0x080005e4                HAL_IncTick
 .text.HAL_GetTick
                0x080005f4        0xc Drivers\STM32F4xx_HAL_Driver\Src\stm32f4xx_hal.o
                0x080005f4                HAL_GetTick
 .text.HAL_Delay
                0x08000600       0x1c Drivers\STM32F4xx_HAL_Driver\Src\stm32f4xx_hal.o
                0x08000600                HAL_Delay
 .text.HAL_NVIC_SetPriorityGrouping
                0x0800061c       0x24 Drivers\STM32F4xx_HAL_Driver\Src\stm32f4xx_hal_cortex.o
                0x0800061c                HAL_NVIC_SetPriorityGrouping
 .text.HAL_NVIC_SetPriority
                0x08000640       0x64 Drivers\STM32F4xx_HAL_Driver\Src\stm32f4xx_hal_cortex.o
                0x08000640                HAL_NVIC_SetPriority
 .text.HAL_NVIC_EnableIRQ
                0x080006a4       0x18 Drivers\STM32F4xx_HAL_Driver\Src\stm32f4xx_hal_cortex.o
                0x080006a4                HAL_NVIC_EnableIRQ
 .text.HAL_SYSTICK_Config
                0x080006bc       0x2c Drivers\STM32F4xx_HAL_Driver\Src\stm32f4xx_hal_cortex.o
                0x080006bc                HAL_SYSTICK_Config
 .text.HAL_SYSTICK_CLKSourceConfig
                0x080006e8       0x20 Drivers\STM32F4xx_HAL_Driver\Src\stm32f4xx_hal_cortex.o
                0x080006e8                HAL_SYSTICK_CLKSourceConfig
 .text.ETH_MACAddressConfig
                0x08000708       0x30 Drivers\STM32F4xx_HAL_Driver\Src\stm32f4xx_hal_eth.o
 .text.ETH_DMATransmissionEnable
                0x08000738       0x10 Drivers\STM32F4xx_HAL_Driver\Src\stm32f4xx_hal_eth.o
 .text.ETH_DMATransmissionDisable
                0x08000748       0x10 Drivers\STM32F4xx_HAL_Driver\Src\stm32f4xx_hal_eth.o
 .text.ETH_DMAReceptionEnable
                0x08000758       0x10 Drivers\STM32F4xx_HAL_Driver\Src\stm32f4xx_hal_eth.o
 .text.ETH_DMAReceptionDisable
                0x08000768       0x10 Drivers\STM32F4xx_HAL_Driver\Src\stm32f4xx_hal_eth.o
 .text.ETH_Delay
                0x08000778       0x2c Drivers\STM32F4xx_HAL_Driver\Src\stm32f4xx_hal_eth.o
 .text.ETH_MACTransmissionEnable
                0x080007a4       0x2a Drivers\STM32F4xx_HAL_Driver\Src\stm32f4xx_hal_eth.o
 .text.ETH_MACReceptionEnable
                0x080007ce       0x2a Drivers\STM32F4xx_HAL_Driver\Src\stm32f4xx_hal_eth.o
 .text.ETH_FlushTransmitFIFO
                0x080007f8       0x2e Drivers\STM32F4xx_HAL_Driver\Src\stm32f4xx_hal_eth.o
 .text.ETH_MACReceptionDisable
                0x08000826       0x2a Drivers\STM32F4xx_HAL_Driver\Src\stm32f4xx_hal_eth.o
 .text.ETH_MACTransmissionDisable
                0x08000850       0x2a Drivers\STM32F4xx_HAL_Driver\Src\stm32f4xx_hal_eth.o
 *fill*         0x0800087a        0x2 
 .text.ETH_MACDMAConfig
                0x0800087c      0x118 Drivers\STM32F4xx_HAL_Driver\Src\stm32f4xx_hal_eth.o
 .text.HAL_ETH_DMATxDescListInit
                0x08000994       0x72 Drivers\STM32F4xx_HAL_Driver\Src\stm32f4xx_hal_eth.o
                0x08000994                HAL_ETH_DMATxDescListInit
 .text.HAL_ETH_DMARxDescListInit
                0x08000a06       0x6c Drivers\STM32F4xx_HAL_Driver\Src\stm32f4xx_hal_eth.o
                0x08000a06                HAL_ETH_DMARxDescListInit
 *fill*         0x08000a72        0x2 
 .text.HAL_ETH_TransmitFrame
                0x08000a74      0x124 Drivers\STM32F4xx_HAL_Driver\Src\stm32f4xx_hal_eth.o
                0x08000a74                HAL_ETH_TransmitFrame
 .text.HAL_ETH_GetReceivedFrame_IT
                0x08000b98       0x98 Drivers\STM32F4xx_HAL_Driver\Src\stm32f4xx_hal_eth.o
                0x08000b98                HAL_ETH_GetReceivedFrame_IT
 .text.HAL_ETH_TxCpltCallback
                0x08000c30        0x2 Drivers\STM32F4xx_HAL_Driver\Src\stm32f4xx_hal_eth.o
                0x08000c30                HAL_ETH_TxCpltCallback
 .text.HAL_ETH_ErrorCallback
                0x08000c32        0x2 Drivers\STM32F4xx_HAL_Driver\Src\stm32f4xx_hal_eth.o
                0x08000c32                HAL_ETH_ErrorCallback
 .text.HAL_ETH_IRQHandler
                0x08000c34       0x8c Drivers\STM32F4xx_HAL_Driver\Src\stm32f4xx_hal_eth.o
                0x08000c34                HAL_ETH_IRQHandler
 .text.HAL_ETH_ReadPHYRegister
                0x08000cc0       0x78 Drivers\STM32F4xx_HAL_Driver\Src\stm32f4xx_hal_eth.o
                0x08000cc0                HAL_ETH_ReadPHYRegister
 .text.HAL_ETH_WritePHYRegister
                0x08000d38       0x74 Drivers\STM32F4xx_HAL_Driver\Src\stm32f4xx_hal_eth.o
                0x08000d38                HAL_ETH_WritePHYRegister
 .text.HAL_ETH_Init
                0x08000dac      0x258 Drivers\STM32F4xx_HAL_Driver\Src\stm32f4xx_hal_eth.o
                0x08000dac                HAL_ETH_Init
 .text.HAL_ETH_Start
                0x08001004       0x44 Drivers\STM32F4xx_HAL_Driver\Src\stm32f4xx_hal_eth.o
                0x08001004                HAL_ETH_Start
 .text.HAL_ETH_Stop
                0x08001048       0x44 Drivers\STM32F4xx_HAL_Driver\Src\stm32f4xx_hal_eth.o
                0x08001048                HAL_ETH_Stop
 .text.HAL_ETH_ConfigMAC
                0x0800108c      0x130 Drivers\STM32F4xx_HAL_Driver\Src\stm32f4xx_hal_eth.o
                0x0800108c                HAL_ETH_ConfigMAC
 .text.HAL_GPIO_Init
                0x080011bc      0x1e4 Drivers\STM32F4xx_HAL_Driver\Src\stm32f4xx_hal_gpio.o
                0x080011bc                HAL_GPIO_Init
 .text.HAL_GPIO_WritePin
                0x080013a0        0xc Drivers\STM32F4xx_HAL_Driver\Src\stm32f4xx_hal_gpio.o
                0x080013a0                HAL_GPIO_WritePin
 .text.HAL_I2C_Init
                0x080013ac      0x11c Drivers\STM32F4xx_HAL_Driver\Src\stm32f4xx_hal_i2c.o
                0x080013ac                HAL_I2C_Init
 .text.HAL_PWREx_EnableOverDrive
                0x080014c8       0xa0 Drivers\STM32F4xx_HAL_Driver\Src\stm32f4xx_hal_pwr_ex.o
                0x080014c8                HAL_PWREx_EnableOverDrive
 .text.HAL_RCC_OscConfig
                0x08001568      0x3b0 Drivers\STM32F4xx_HAL_Driver\Src\stm32f4xx_hal_rcc.o
                0x08001568                HAL_RCC_OscConfig
 .text.HAL_RCC_GetSysClockFreq
                0x08001918       0xc8 Drivers\STM32F4xx_HAL_Driver\Src\stm32f4xx_hal_rcc.o
                0x08001918                HAL_RCC_GetSysClockFreq
 .text.HAL_RCC_ClockConfig
                0x080019e0      0x19c Drivers\STM32F4xx_HAL_Driver\Src\stm32f4xx_hal_rcc.o
                0x080019e0                HAL_RCC_ClockConfig
 .text.HAL_RCC_GetHCLKFreq
                0x08001b7c        0xc Drivers\STM32F4xx_HAL_Driver\Src\stm32f4xx_hal_rcc.o
                0x08001b7c                HAL_RCC_GetHCLKFreq
 .text.HAL_RCC_GetPCLK1Freq
                0x08001b88       0x2c Drivers\STM32F4xx_HAL_Driver\Src\stm32f4xx_hal_rcc.o
                0x08001b88                HAL_RCC_GetPCLK1Freq
 .text.HAL_RCC_GetPCLK2Freq
                0x08001bb4       0x2c Drivers\STM32F4xx_HAL_Driver\Src\stm32f4xx_hal_rcc.o
                0x08001bb4                HAL_RCC_GetPCLK2Freq
 .text.HAL_RCC_GetClockConfig
                0x08001be0       0x3c Drivers\STM32F4xx_HAL_Driver\Src\stm32f4xx_hal_rcc.o
                0x08001be0                HAL_RCC_GetClockConfig
 .text.HAL_RCCEx_PeriphCLKConfig
                0x08001c1c      0x2f8 Drivers\STM32F4xx_HAL_Driver\Src\stm32f4xx_hal_rcc_ex.o
                0x08001c1c                HAL_RCCEx_PeriphCLKConfig
 .text.HAL_RTC_WaitForSynchro
                0x08001f14       0x32 Drivers\STM32F4xx_HAL_Driver\Src\stm32f4xx_hal_rtc.o
                0x08001f14                HAL_RTC_WaitForSynchro
 .text.RTC_EnterInitMode
                0x08001f46       0x3c Drivers\STM32F4xx_HAL_Driver\Src\stm32f4xx_hal_rtc.o
                0x08001f46                RTC_EnterInitMode
 .text.HAL_RTC_Init
                0x08001f82       0xa4 Drivers\STM32F4xx_HAL_Driver\Src\stm32f4xx_hal_rtc.o
                0x08001f82                HAL_RTC_Init
 .text.RTC_ByteToBcd2
                0x08002026       0x16 Drivers\STM32F4xx_HAL_Driver\Src\stm32f4xx_hal_rtc.o
                0x08002026                RTC_ByteToBcd2
 .text.HAL_RTC_SetTime
                0x0800203c       0xfe Drivers\STM32F4xx_HAL_Driver\Src\stm32f4xx_hal_rtc.o
                0x0800203c                HAL_RTC_SetTime
 .text.HAL_RTC_SetDate
                0x0800213a       0xda Drivers\STM32F4xx_HAL_Driver\Src\stm32f4xx_hal_rtc.o
                0x0800213a                HAL_RTC_SetDate
 .text.TIM_TI1_ConfigInputStage
                0x08002214       0x26 Drivers\STM32F4xx_HAL_Driver\Src\stm32f4xx_hal_tim.o
 .text.TIM_TI2_ConfigInputStage
                0x0800223a       0x28 Drivers\STM32F4xx_HAL_Driver\Src\stm32f4xx_hal_tim.o
 .text.TIM_ITRx_SetConfig
                0x08002262       0x10 Drivers\STM32F4xx_HAL_Driver\Src\stm32f4xx_hal_tim.o
 .text.TIM_ETR_SetConfig
                0x08002272       0x18 Drivers\STM32F4xx_HAL_Driver\Src\stm32f4xx_hal_tim.o
 .text.HAL_TIM_Base_Start_IT
                0x0800228a       0x18 Drivers\STM32F4xx_HAL_Driver\Src\stm32f4xx_hal_tim.o
                0x0800228a                HAL_TIM_Base_Start_IT
 .text.HAL_TIM_ConfigClockSource
                0x080022a2      0x108 Drivers\STM32F4xx_HAL_Driver\Src\stm32f4xx_hal_tim.o
                0x080022a2                HAL_TIM_ConfigClockSource
 .text.HAL_TIM_OC_DelayElapsedCallback
                0x080023aa        0x2 Drivers\STM32F4xx_HAL_Driver\Src\stm32f4xx_hal_tim.o
                0x080023aa                HAL_TIM_OC_DelayElapsedCallback
 .text.HAL_TIM_IC_CaptureCallback
                0x080023ac        0x2 Drivers\STM32F4xx_HAL_Driver\Src\stm32f4xx_hal_tim.o
                0x080023ac                HAL_TIM_IC_CaptureCallback
 .text.HAL_TIM_PWM_PulseFinishedCallback
                0x080023ae        0x2 Drivers\STM32F4xx_HAL_Driver\Src\stm32f4xx_hal_tim.o
                0x080023ae                HAL_TIM_PWM_PulseFinishedCallback
 .text.HAL_TIM_TriggerCallback
                0x080023b0        0x2 Drivers\STM32F4xx_HAL_Driver\Src\stm32f4xx_hal_tim.o
                0x080023b0                HAL_TIM_TriggerCallback
 .text.HAL_TIM_IRQHandler
                0x080023b2      0x17a Drivers\STM32F4xx_HAL_Driver\Src\stm32f4xx_hal_tim.o
                0x080023b2                HAL_TIM_IRQHandler
 .text.TIM_Base_SetConfig
                0x0800252c      0x11c Drivers\STM32F4xx_HAL_Driver\Src\stm32f4xx_hal_tim.o
                0x0800252c                TIM_Base_SetConfig
 .text.HAL_TIM_Base_Init
                0x08002648       0x32 Drivers\STM32F4xx_HAL_Driver\Src\stm32f4xx_hal_tim.o
                0x08002648                HAL_TIM_Base_Init
 .text.HAL_TIMEx_MasterConfigSynchronization
                0x0800267a       0x52 Drivers\STM32F4xx_HAL_Driver\Src\stm32f4xx_hal_tim_ex.o
                0x0800267a                HAL_TIMEx_MasterConfigSynchronization
 .text.HAL_TIMEx_CommutationCallback
                0x080026cc        0x2 Drivers\STM32F4xx_HAL_Driver\Src\stm32f4xx_hal_tim_ex.o
                0x080026cc                HAL_TIMEx_CommutationCallback
 .text.HAL_TIMEx_BreakCallback
                0x080026ce        0x2 Drivers\STM32F4xx_HAL_Driver\Src\stm32f4xx_hal_tim_ex.o
                0x080026ce                HAL_TIMEx_BreakCallback
 .text.UART_SetConfig
                0x080026d0      0x344 Drivers\STM32F4xx_HAL_Driver\Src\stm32f4xx_hal_uart.o
 .text.HAL_UART_Init
                0x08002a14       0x5e Drivers\STM32F4xx_HAL_Driver\Src\stm32f4xx_hal_uart.o
                0x08002a14                HAL_UART_Init
 .text.makeFreeRtosPriority
                0x08002a72        0xc Middlewares\Third_Party\FreeRTOS\Source\CMSIS_RTOS\cmsis_os.o
 .text.inHandlerMode
                0x08002a7e        0xc Middlewares\Third_Party\FreeRTOS\Source\CMSIS_RTOS\cmsis_os.o
 .text.osKernelStart
                0x08002a8a        0xa Middlewares\Third_Party\FreeRTOS\Source\CMSIS_RTOS\cmsis_os.o
                0x08002a8a                osKernelStart
 .text.osThreadCreate
                0x08002a94       0x3a Middlewares\Third_Party\FreeRTOS\Source\CMSIS_RTOS\cmsis_os.o
                0x08002a94                osThreadCreate
 .text.osSemaphoreCreate
                0x08002ace       0x26 Middlewares\Third_Party\FreeRTOS\Source\CMSIS_RTOS\cmsis_os.o
                0x08002ace                osSemaphoreCreate
 .text.osSemaphoreWait
                0x08002af4       0x74 Middlewares\Third_Party\FreeRTOS\Source\CMSIS_RTOS\cmsis_os.o
                0x08002af4                osSemaphoreWait
 .text.osSemaphoreRelease
                0x08002b68       0x5c Middlewares\Third_Party\FreeRTOS\Source\CMSIS_RTOS\cmsis_os.o
                0x08002b68                osSemaphoreRelease
 .text.osSystickHandler
                0x08002bc4       0x10 Middlewares\Third_Party\FreeRTOS\Source\CMSIS_RTOS\cmsis_os.o
                0x08002bc4                osSystickHandler
 .text.vListInitialise
                0x08002bd4       0x16 Middlewares\Third_Party\FreeRTOS\Source\list.o
                0x08002bd4                vListInitialise
 .text.vListInitialiseItem
                0x08002bea        0x6 Middlewares\Third_Party\FreeRTOS\Source\list.o
                0x08002bea                vListInitialiseItem
 .text.vListInsertEnd
                0x08002bf0       0x18 Middlewares\Third_Party\FreeRTOS\Source\list.o
                0x08002bf0                vListInsertEnd
 .text.vListInsert
                0x08002c08       0x34 Middlewares\Third_Party\FreeRTOS\Source\list.o
                0x08002c08                vListInsert
 .text.uxListRemove
                0x08002c3c       0x26 Middlewares\Third_Party\FreeRTOS\Source\list.o
                0x08002c3c                uxListRemove
 *fill*         0x08002c62        0x2 
 .text.prvTaskExitError
                0x08002c64       0x34 Middlewares\Third_Party\FreeRTOS\Source\portable\GCC\ARM_CM4F\port.o
 .text.prvPortStartFirstTask
                0x08002c98       0x20 Middlewares\Third_Party\FreeRTOS\Source\portable\GCC\ARM_CM4F\port.o
 .text.vPortEnableVFP
                0x08002cb8       0x14 Middlewares\Third_Party\FreeRTOS\Source\portable\GCC\ARM_CM4F\port.o
 .text.pxPortInitialiseStack
                0x08002ccc       0x28 Middlewares\Third_Party\FreeRTOS\Source\portable\GCC\ARM_CM4F\port.o
                0x08002ccc                pxPortInitialiseStack
 .text.SVC_Handler
                0x08002cf4       0x20 Middlewares\Third_Party\FreeRTOS\Source\portable\GCC\ARM_CM4F\port.o
                0x08002cf4                SVC_Handler
 .text.vPortEnterCritical
                0x08002d14       0x44 Middlewares\Third_Party\FreeRTOS\Source\portable\GCC\ARM_CM4F\port.o
                0x08002d14                vPortEnterCritical
 .text.vPortExitCritical
                0x08002d58       0x2c Middlewares\Third_Party\FreeRTOS\Source\portable\GCC\ARM_CM4F\port.o
                0x08002d58                vPortExitCritical
 .text.PendSV_Handler
                0x08002d84       0x60 Middlewares\Third_Party\FreeRTOS\Source\portable\GCC\ARM_CM4F\port.o
                0x08002d84                PendSV_Handler
 .text.xPortSysTickHandler
                0x08002de4       0x30 Middlewares\Third_Party\FreeRTOS\Source\portable\GCC\ARM_CM4F\port.o
                0x08002de4                xPortSysTickHandler
 .text.vPortSetupTimerInterrupt
                0x08002e14       0x2c Middlewares\Third_Party\FreeRTOS\Source\portable\GCC\ARM_CM4F\port.o
                0x08002e14                vPortSetupTimerInterrupt
 .text.xPortStartScheduler
                0x08002e40       0xec Middlewares\Third_Party\FreeRTOS\Source\portable\GCC\ARM_CM4F\port.o
                0x08002e40                xPortStartScheduler
 .text.vPortValidateInterruptPriority
                0x08002f2c       0x5c Middlewares\Third_Party\FreeRTOS\Source\portable\GCC\ARM_CM4F\port.o
                0x08002f2c                vPortValidateInterruptPriority
 .text.prvHeapInit
                0x08002f88       0x64 Middlewares\Third_Party\FreeRTOS\Source\portable\MemMang\heap_4.o
 .text.prvInsertBlockIntoFreeList
                0x08002fec       0x58 Middlewares\Third_Party\FreeRTOS\Source\portable\MemMang\heap_4.o
 .text.pvPortMalloc
                0x08003044      0x108 Middlewares\Third_Party\FreeRTOS\Source\portable\MemMang\heap_4.o
                0x08003044                pvPortMalloc
 .text.vPortFree
                0x0800314c       0x70 Middlewares\Third_Party\FreeRTOS\Source\portable\MemMang\heap_4.o
                0x0800314c                vPortFree
 .text.prvIsQueueFull
                0x080031bc       0x1e Middlewares\Third_Party\FreeRTOS\Source\queue.o
 .text.prvIsQueueEmpty
                0x080031da       0x1a Middlewares\Third_Party\FreeRTOS\Source\queue.o
 .text.prvCopyDataToQueue
                0x080031f4       0x7e Middlewares\Third_Party\FreeRTOS\Source\queue.o
 .text.prvCopyDataFromQueue
                0x08003272       0x24 Middlewares\Third_Party\FreeRTOS\Source\queue.o
 .text.prvUnlockQueue
                0x08003296       0x6a Middlewares\Third_Party\FreeRTOS\Source\queue.o
 .text.xQueueGenericReset
                0x08003300       0x84 Middlewares\Third_Party\FreeRTOS\Source\queue.o
                0x08003300                xQueueGenericReset
 .text.xQueueGenericCreate
                0x08003384       0x6a Middlewares\Third_Party\FreeRTOS\Source\queue.o
                0x08003384                xQueueGenericCreate
 *fill*         0x080033ee        0x2 
 .text.xQueueGenericSend
                0x080033f0      0x180 Middlewares\Third_Party\FreeRTOS\Source\queue.o
                0x080033f0                xQueueGenericSend
 .text.xQueueCreateMutex
                0x08003570       0x4a Middlewares\Third_Party\FreeRTOS\Source\queue.o
                0x08003570                xQueueCreateMutex
 .text.xQueueGiveFromISR
                0x080035ba       0xb8 Middlewares\Third_Party\FreeRTOS\Source\queue.o
                0x080035ba                xQueueGiveFromISR
 *fill*         0x08003672        0x2 
 .text.xQueueGenericReceive
                0x08003674      0x190 Middlewares\Third_Party\FreeRTOS\Source\queue.o
                0x08003674                xQueueGenericReceive
 .text.xQueueReceiveFromISR
                0x08003804       0xa6 Middlewares\Third_Party\FreeRTOS\Source\queue.o
                0x08003804                xQueueReceiveFromISR
 .text.uxQueueMessagesWaiting
                0x080038aa       0x26 Middlewares\Third_Party\FreeRTOS\Source\queue.o
                0x080038aa                uxQueueMessagesWaiting
 .text.vQueueUnregisterQueue
                0x080038d0       0x28 Middlewares\Third_Party\FreeRTOS\Source\queue.o
                0x080038d0                vQueueUnregisterQueue
 .text.vQueueDelete
                0x080038f8       0x24 Middlewares\Third_Party\FreeRTOS\Source\queue.o
                0x080038f8                vQueueDelete
 .text.prvResetNextTaskUnblockTime
                0x0800391c       0x34 Middlewares\Third_Party\FreeRTOS\Source\tasks.o
 .text.prvDeleteTCB
                0x08003950       0x12 Middlewares\Third_Party\FreeRTOS\Source\tasks.o
 .text.prvAllocateTCBAndStack
                0x08003962       0x3a Middlewares\Third_Party\FreeRTOS\Source\tasks.o
 .text.prvInitialiseTCBVariables
                0x0800399c       0x52 Middlewares\Third_Party\FreeRTOS\Source\tasks.o
 *fill*         0x080039ee        0x2 
 .text.prvInitialiseTaskLists
                0x080039f0       0x64 Middlewares\Third_Party\FreeRTOS\Source\tasks.o
 .text.prvAddCurrentTaskToDelayedList
                0x08003a54       0x54 Middlewares\Third_Party\FreeRTOS\Source\tasks.o
 .text.xTaskGenericCreate
                0x08003aa8      0x134 Middlewares\Third_Party\FreeRTOS\Source\tasks.o
                0x08003aa8                xTaskGenericCreate
 .text.vTaskDelete
                0x08003bdc       0xcc Middlewares\Third_Party\FreeRTOS\Source\tasks.o
                0x08003bdc                vTaskDelete
 .text.vTaskStartScheduler
                0x08003ca8       0x74 Middlewares\Third_Party\FreeRTOS\Source\tasks.o
                0x08003ca8                vTaskStartScheduler
 .text.vTaskSuspendAll
                0x08003d1c       0x10 Middlewares\Third_Party\FreeRTOS\Source\tasks.o
                0x08003d1c                vTaskSuspendAll
 .text.xTaskGetTickCount
                0x08003d2c        0xc Middlewares\Third_Party\FreeRTOS\Source\tasks.o
                0x08003d2c                xTaskGetTickCount
 .text.xTaskIncrementTick
                0x08003d38      0x120 Middlewares\Third_Party\FreeRTOS\Source\tasks.o
                0x08003d38                xTaskIncrementTick
 .text.xTaskResumeAll
                0x08003e58       0xfc Middlewares\Third_Party\FreeRTOS\Source\tasks.o
                0x08003e58                xTaskResumeAll
 .text.vTaskDelay
                0x08003f54       0x80 Middlewares\Third_Party\FreeRTOS\Source\tasks.o
                0x08003f54                vTaskDelay
 .text.prvCheckTasksWaitingTermination
                0x08003fd4       0x5c Middlewares\Third_Party\FreeRTOS\Source\tasks.o
 .text.prvIdleTask
                0x08004030       0x28 Middlewares\Third_Party\FreeRTOS\Source\tasks.o
 .text.vTaskSwitchContext
                0x08004058       0x9c Middlewares\Third_Party\FreeRTOS\Source\tasks.o
                0x08004058                vTaskSwitchContext
 .text.vTaskPlaceOnEventList
                0x080040f4       0x70 Middlewares\Third_Party\FreeRTOS\Source\tasks.o
                0x080040f4                vTaskPlaceOnEventList
 .text.xTaskRemoveFromEventList
                0x08004164       0x8c Middlewares\Third_Party\FreeRTOS\Source\tasks.o
                0x08004164                xTaskRemoveFromEventList
 .text.vTaskSetTimeOutState
                0x080041f0       0x2c Middlewares\Third_Party\FreeRTOS\Source\tasks.o
                0x080041f0                vTaskSetTimeOutState
 .text.xTaskCheckForTimeOut
                0x0800421c       0x80 Middlewares\Third_Party\FreeRTOS\Source\tasks.o
                0x0800421c                xTaskCheckForTimeOut
 .text.vTaskMissedYield
                0x0800429c        0xc Middlewares\Third_Party\FreeRTOS\Source\tasks.o
                0x0800429c                vTaskMissedYield
 .text.xTaskGetSchedulerState
                0x080042a8       0x20 Middlewares\Third_Party\FreeRTOS\Source\tasks.o
                0x080042a8                xTaskGetSchedulerState
 .text.vTaskPriorityInherit
                0x080042c8       0xa4 Middlewares\Third_Party\FreeRTOS\Source\tasks.o
                0x080042c8                vTaskPriorityInherit
 .text.xTaskPriorityDisinherit
                0x0800436c       0xb4 Middlewares\Third_Party\FreeRTOS\Source\tasks.o
                0x0800436c                xTaskPriorityDisinherit
 .text.pvTaskIncrementMutexHeldCount
                0x08004420       0x1c Middlewares\Third_Party\FreeRTOS\Source\tasks.o
                0x08004420                pvTaskIncrementMutexHeldCount
 .text.netconn_new_with_proto_and_callback
                0x0800443c       0x64 Middlewares\Third_Party\LwIP\src\api\api_lib.o
                0x0800443c                netconn_new_with_proto_and_callback
 .text.netconn_delete
                0x080044a0       0x38 Middlewares\Third_Party\LwIP\src\api\api_lib.o
                0x080044a0                netconn_delete
 .text.netconn_connect
                0x080044d8       0x2c Middlewares\Third_Party\LwIP\src\api\api_lib.o
                0x080044d8                netconn_connect
 .text.netconn_disconnect
                0x08004504       0x24 Middlewares\Third_Party\LwIP\src\api\api_lib.o
                0x08004504                netconn_disconnect
 .text.netconn_send
                0x08004528       0x28 Middlewares\Third_Party\LwIP\src\api\api_lib.o
                0x08004528                netconn_send
 .text.netconn_write_partly
                0x08004550       0x80 Middlewares\Third_Party\LwIP\src\api\api_lib.o
                0x08004550                netconn_write_partly
 .text.recv_udp
                0x080045d0       0x76 Middlewares\Third_Party\LwIP\src\api\api_msg.o
 *fill*         0x08004646        0x2 
 .text.setup_tcp
                0x08004648       0x40 Middlewares\Third_Party\LwIP\src\api\api_msg.o
 .text.pcb_new  0x08004688       0x64 Middlewares\Third_Party\LwIP\src\api\api_msg.o
 .text.lwip_netconn_do_connected
                0x080046ec       0x6e Middlewares\Third_Party\LwIP\src\api\api_msg.o
 .text.err_tcp  0x0800475a       0xa4 Middlewares\Third_Party\LwIP\src\api\api_msg.o
 .text.lwip_netconn_do_writemore
                0x080047fe      0x13e Middlewares\Third_Party\LwIP\src\api\api_msg.o
 .text.lwip_netconn_do_close_internal
                0x0800493c      0x19c Middlewares\Third_Party\LwIP\src\api\api_msg.o
 .text.poll_tcp
                0x08004ad8       0x5c Middlewares\Third_Party\LwIP\src\api\api_msg.o
 .text.sent_tcp
                0x08004b34       0x50 Middlewares\Third_Party\LwIP\src\api\api_msg.o
 .text.recv_tcp
                0x08004b84       0x72 Middlewares\Third_Party\LwIP\src\api\api_msg.o
 .text.lwip_netconn_do_newconn
                0x08004bf6       0x32 Middlewares\Third_Party\LwIP\src\api\api_msg.o
                0x08004bf6                lwip_netconn_do_newconn
 .text.netconn_alloc
                0x08004c28       0x6e Middlewares\Third_Party\LwIP\src\api\api_msg.o
                0x08004c28                netconn_alloc
 .text.netconn_free
                0x08004c96       0x2c Middlewares\Third_Party\LwIP\src\api\api_msg.o
                0x08004c96                netconn_free
 .text.netconn_drain
                0x08004cc2       0x9e Middlewares\Third_Party\LwIP\src\api\api_msg.o
 .text.lwip_netconn_do_delconn
                0x08004d60       0xaa Middlewares\Third_Party\LwIP\src\api\api_msg.o
                0x08004d60                lwip_netconn_do_delconn
 *fill*         0x08004e0a        0x2 
 .text.lwip_netconn_do_connect
                0x08004e0c       0xb0 Middlewares\Third_Party\LwIP\src\api\api_msg.o
                0x08004e0c                lwip_netconn_do_connect
 .text.lwip_netconn_do_disconnect
                0x08004ebc       0x3e Middlewares\Third_Party\LwIP\src\api\api_msg.o
                0x08004ebc                lwip_netconn_do_disconnect
 .text.lwip_netconn_do_send
                0x08004efa       0x64 Middlewares\Third_Party\LwIP\src\api\api_msg.o
                0x08004efa                lwip_netconn_do_send
 .text.lwip_netconn_do_write
                0x08004f5e       0x66 Middlewares\Third_Party\LwIP\src\api\api_msg.o
                0x08004f5e                lwip_netconn_do_write
 .text.netbuf_delete
                0x08004fc4       0x20 Middlewares\Third_Party\LwIP\src\api\netbuf.o
                0x08004fc4                netbuf_delete
 .text.netbuf_free
                0x08004fe4       0x18 Middlewares\Third_Party\LwIP\src\api\netbuf.o
                0x08004fe4                netbuf_free
 .text.netbuf_ref
                0x08004ffc       0x40 Middlewares\Third_Party\LwIP\src\api\netbuf.o
                0x08004ffc                netbuf_ref
 .text.tryget_socket
                0x0800503c       0x28 Middlewares\Third_Party\LwIP\src\api\sockets.o
 .text.alloc_socket
                0x08005064       0x70 Middlewares\Third_Party\LwIP\src\api\sockets.o
 .text.lwip_setsockopt_impl
                0x080050d4      0x176 Middlewares\Third_Party\LwIP\src\api\sockets.o
 *fill*         0x0800524a        0x2 
 .text.get_socket
                0x0800524c       0x38 Middlewares\Third_Party\LwIP\src\api\sockets.o
 .text.free_socket
                0x08005284       0x22 Middlewares\Third_Party\LwIP\src\api\sockets.o
 *fill*         0x080052a6        0x2 
 .text.event_callback
                0x080052a8       0xfc Middlewares\Third_Party\LwIP\src\api\sockets.o
 .text.lwip_setsockopt_callback
                0x080053a4       0x22 Middlewares\Third_Party\LwIP\src\api\sockets.o
 *fill*         0x080053c6        0x2 
 .text.lwip_close
                0x080053c8       0x64 Middlewares\Third_Party\LwIP\src\api\sockets.o
                0x080053c8                lwip_close
 .text.lwip_connect
                0x0800542c       0x90 Middlewares\Third_Party\LwIP\src\api\sockets.o
                0x0800542c                lwip_connect
 .text.lwip_sendto
                0x080054bc       0xd8 Middlewares\Third_Party\LwIP\src\api\sockets.o
                0x080054bc                lwip_sendto
 .text.lwip_send
                0x08005594       0xa0 Middlewares\Third_Party\LwIP\src\api\sockets.o
                0x08005594                lwip_send
 .text.lwip_socket
                0x08005634       0x94 Middlewares\Third_Party\LwIP\src\api\sockets.o
                0x08005634                lwip_socket
 .text.lwip_setsockopt
                0x080056c8       0xb0 Middlewares\Third_Party\LwIP\src\api\sockets.o
                0x080056c8                lwip_setsockopt
 .text.tcpip_thread
                0x08005778       0x8c Middlewares\Third_Party\LwIP\src\api\tcpip.o
 .text.tcpip_callback_with_block
                0x08005804       0x60 Middlewares\Third_Party\LwIP\src\api\tcpip.o
                0x08005804                tcpip_callback_with_block
 .text.tcpip_apimsg
                0x08005864       0x3c Middlewares\Third_Party\LwIP\src\api\tcpip.o
                0x08005864                tcpip_apimsg
 .text.tcpip_init
                0x080058a0       0x48 Middlewares\Third_Party\LwIP\src\api\tcpip.o
                0x080058a0                tcpip_init
 .text.lwip_htons
                0x080058e8        0xa Middlewares\Third_Party\LwIP\src\core\def.o
                0x080058e8                lwip_htons
 .text.lwip_ntohs
                0x080058f2        0x8 Middlewares\Third_Party\LwIP\src\core\def.o
                0x080058f2                lwip_ntohs
 .text.lwip_htonl
                0x080058fa       0x18 Middlewares\Third_Party\LwIP\src\core\def.o
                0x080058fa                lwip_htonl
 .text.lwip_ntohl
                0x08005912        0x8 Middlewares\Third_Party\LwIP\src\core\def.o
                0x08005912                lwip_ntohl
 .text.lwip_init
                0x0800591a       0x20 Middlewares\Third_Party\LwIP\src\core\init.o
                0x0800591a                lwip_init
 .text.icmp_send_response
                0x0800593a       0x88 Middlewares\Third_Party\LwIP\src\core\ipv4\icmp.o
 *fill*         0x080059c2        0x2 
 .text.icmp_input
                0x080059c4      0x100 Middlewares\Third_Party\LwIP\src\core\ipv4\icmp.o
                0x080059c4                icmp_input
 .text.icmp_dest_unreach
                0x08005ac4        0xc Middlewares\Third_Party\LwIP\src\core\ipv4\icmp.o
                0x08005ac4                icmp_dest_unreach
 .text.icmp_time_exceeded
                0x08005ad0        0xc Middlewares\Third_Party\LwIP\src\core\ipv4\icmp.o
                0x08005ad0                icmp_time_exceeded
 .text.ip4_route
                0x08005adc       0xa0 Middlewares\Third_Party\LwIP\src\core\ipv4\ip4.o
                0x08005adc                ip4_route
 .text.ip4_input
                0x08005b7c      0x18c Middlewares\Third_Party\LwIP\src\core\ipv4\ip4.o
                0x08005b7c                ip4_input
 .text.ip_input
                0x08005d08        0x8 Middlewares\Third_Party\LwIP\src\core\ipv4\ip4.o
                0x08005d08                ip_input
 .text.ip4_output_if_src
                0x08005d10       0xb8 Middlewares\Third_Party\LwIP\src\core\ipv4\ip4.o
                0x08005d10                ip4_output_if_src
 .text.ip4_output_if
                0x08005dc8       0x2a Middlewares\Third_Party\LwIP\src\core\ipv4\ip4.o
                0x08005dc8                ip4_output_if
 .text.ip4_addr_isbroadcast_u32
                0x08005df2       0x40 Middlewares\Third_Party\LwIP\src\core\ipv4\ip4_addr.o
                0x08005df2                ip4_addr_isbroadcast_u32
 .text.ip4addr_aton
                0x08005e32      0x160 Middlewares\Third_Party\LwIP\src\core\ipv4\ip4_addr.o
                0x08005e32                ip4addr_aton
 .text.ipaddr_addr
                0x08005f92       0x1a Middlewares\Third_Party\LwIP\src\core\ipv4\ip4_addr.o
                0x08005f92                ipaddr_addr
 .text.ip_reass_dequeue_datagram
                0x08005fac       0x24 Middlewares\Third_Party\LwIP\src\core\ipv4\ip_frag.o
 .text.ip_reass_free_complete_datagram
                0x08005fd0       0x80 Middlewares\Third_Party\LwIP\src\core\ipv4\ip_frag.o
 .text.ip_reass_remove_oldest_datagram
                0x08006050       0x7c Middlewares\Third_Party\LwIP\src\core\ipv4\ip_frag.o
 .text.ip_frag_free_pbuf_custom_ref
                0x080060cc        0xc Middlewares\Third_Party\LwIP\src\core\ipv4\ip_frag.o
 .text.ipfrag_free_pbuf_custom
                0x080060d8       0x14 Middlewares\Third_Party\LwIP\src\core\ipv4\ip_frag.o
 .text.ip_reass_chain_frag_into_datagram_and_validate
                0x080060ec      0x10c Middlewares\Third_Party\LwIP\src\core\ipv4\ip_frag.o
 .text.ip_frag_alloc_pbuf_custom_ref
                0x080061f8        0xa Middlewares\Third_Party\LwIP\src\core\ipv4\ip_frag.o
 *fill*         0x08006202        0x2 
 .text.ip_reass_enqueue_new_datagram
                0x08006204       0x60 Middlewares\Third_Party\LwIP\src\core\ipv4\ip_frag.o
 .text.ip_reass_tmr
                0x08006264       0x2c Middlewares\Third_Party\LwIP\src\core\ipv4\ip_frag.o
                0x08006264                ip_reass_tmr
 .text.ip4_reass
                0x08006290      0x188 Middlewares\Third_Party\LwIP\src\core\ipv4\ip_frag.o
                0x08006290                ip4_reass
 .text.ip4_frag
                0x08006418      0x190 Middlewares\Third_Party\LwIP\src\core\ipv4\ip_frag.o
                0x08006418                ip4_frag
 .text.sys_timeout
                0x080065a8       0x68 Middlewares\Third_Party\LwIP\src\core\lwip_timers.o
                0x080065a8                sys_timeout
 .text.tcp_timer_needed
                0x08006610       0x3c Middlewares\Third_Party\LwIP\src\core\lwip_timers.o
                0x08006610                tcp_timer_needed
 .text.tcpip_tcp_timer
                0x0800664c       0x38 Middlewares\Third_Party\LwIP\src\core\lwip_timers.o
 .text.sys_timeouts_init
                0x08006684       0x24 Middlewares\Third_Party\LwIP\src\core\lwip_timers.o
                0x08006684                sys_timeouts_init
 .text.arp_timer
                0x080066a8       0x18 Middlewares\Third_Party\LwIP\src\core\lwip_timers.o
 .text.ip_reass_timer
                0x080066c0       0x18 Middlewares\Third_Party\LwIP\src\core\lwip_timers.o
 .text.sys_timeouts_mbox_fetch
                0x080066d8       0x6c Middlewares\Third_Party\LwIP\src\core\lwip_timers.o
                0x080066d8                sys_timeouts_mbox_fetch
 .text.plug_holes
                0x08006744       0x6c Middlewares\Third_Party\LwIP\src\core\mem.o
 .text.mem_init
                0x080067b0       0x48 Middlewares\Third_Party\LwIP\src\core\mem.o
                0x080067b0                mem_init
 .text.mem_free
                0x080067f8       0x54 Middlewares\Third_Party\LwIP\src\core\mem.o
                0x080067f8                mem_free
 .text.mem_trim
                0x0800684c       0xec Middlewares\Third_Party\LwIP\src\core\mem.o
                0x0800684c                mem_trim
 .text.mem_malloc
                0x08006938       0xd4 Middlewares\Third_Party\LwIP\src\core\mem.o
                0x08006938                mem_malloc
 .text.do_memp_free_pool
                0x08006a0c        0xc Middlewares\Third_Party\LwIP\src\core\memp.o
 .text.memp_init_pool
                0x08006a18       0x28 Middlewares\Third_Party\LwIP\src\core\memp.o
                0x08006a18                memp_init_pool
 .text.memp_init
                0x08006a40       0x2c Middlewares\Third_Party\LwIP\src\core\memp.o
                0x08006a40                memp_init
 .text.memp_malloc_pool
                0x08006a6c        0xc Middlewares\Third_Party\LwIP\src\core\memp.o
                0x08006a6c                memp_malloc_pool
 .text.memp_malloc
                0x08006a78       0x1c Middlewares\Third_Party\LwIP\src\core\memp.o
                0x08006a78                memp_malloc
 .text.memp_free
                0x08006a94       0x18 Middlewares\Third_Party\LwIP\src\core\memp.o
                0x08006a94                memp_free
 .text.netif_issue_reports
                0x08006aac       0x22 Middlewares\Third_Party\LwIP\src\core\netif.o
 .text.netif_init
                0x08006ace        0x2 Middlewares\Third_Party\LwIP\src\core\netif.o
                0x08006ace                netif_init
 .text.netif_set_ipaddr
                0x08006ad0       0x40 Middlewares\Third_Party\LwIP\src\core\netif.o
                0x08006ad0                netif_set_ipaddr
 .text.netif_set_gw
                0x08006b10        0xc Middlewares\Third_Party\LwIP\src\core\netif.o
                0x08006b10                netif_set_gw
 .text.netif_set_netmask
                0x08006b1c        0xc Middlewares\Third_Party\LwIP\src\core\netif.o
                0x08006b1c                netif_set_netmask
 .text.netif_set_addr
                0x08006b28       0x20 Middlewares\Third_Party\LwIP\src\core\netif.o
                0x08006b28                netif_set_addr
 .text.netif_add
                0x08006b48       0x50 Middlewares\Third_Party\LwIP\src\core\netif.o
                0x08006b48                netif_add
 .text.netif_set_default
                0x08006b98        0xc Middlewares\Third_Party\LwIP\src\core\netif.o
                0x08006b98                netif_set_default
 .text.netif_set_up
                0x08006ba4       0x24 Middlewares\Third_Party\LwIP\src\core\netif.o
                0x08006ba4                netif_set_up
 .text.netif_set_down
                0x08006bc8       0x22 Middlewares\Third_Party\LwIP\src\core\netif.o
                0x08006bc8                netif_set_down
 .text.netif_set_link_up
                0x08006bea       0x30 Middlewares\Third_Party\LwIP\src\core\netif.o
                0x08006bea                netif_set_link_up
 .text.netif_set_link_down
                0x08006c1a       0x1c Middlewares\Third_Party\LwIP\src\core\netif.o
                0x08006c1a                netif_set_link_down
 .text.netif_set_link_callback
                0x08006c36        0x6 Middlewares\Third_Party\LwIP\src\core\netif.o
                0x08006c36                netif_set_link_callback
 .text.pbuf_header_impl
                0x08006c3c       0x88 Middlewares\Third_Party\LwIP\src\core\pbuf.o
 .text.pbuf_pool_is_empty
                0x08006cc4       0x2c Middlewares\Third_Party\LwIP\src\core\pbuf.o
 .text.pbuf_free_ooseq
                0x08006cf0       0x2c Middlewares\Third_Party\LwIP\src\core\pbuf.o
 .text.pbuf_free_ooseq_callback
                0x08006d1c        0x8 Middlewares\Third_Party\LwIP\src\core\pbuf.o
 .text.pbuf_alloced_custom
                0x08006d24       0x60 Middlewares\Third_Party\LwIP\src\core\pbuf.o
                0x08006d24                pbuf_alloced_custom
 .text.pbuf_header
                0x08006d84        0xa Middlewares\Third_Party\LwIP\src\core\pbuf.o
                0x08006d84                pbuf_header
 .text.pbuf_header_force
                0x08006d8e        0xa Middlewares\Third_Party\LwIP\src\core\pbuf.o
                0x08006d8e                pbuf_header_force
 .text.pbuf_free
                0x08006d98       0x5c Middlewares\Third_Party\LwIP\src\core\pbuf.o
                0x08006d98                pbuf_free
 .text.pbuf_alloc
                0x08006df4      0x128 Middlewares\Third_Party\LwIP\src\core\pbuf.o
                0x08006df4                pbuf_alloc
 .text.pbuf_realloc
                0x08006f1c       0x58 Middlewares\Third_Party\LwIP\src\core\pbuf.o
                0x08006f1c                pbuf_realloc
 .text.pbuf_clen
                0x08006f74       0x12 Middlewares\Third_Party\LwIP\src\core\pbuf.o
                0x08006f74                pbuf_clen
 .text.pbuf_ref
                0x08006f86        0xa Middlewares\Third_Party\LwIP\src\core\pbuf.o
                0x08006f86                pbuf_ref
 .text.pbuf_cat
                0x08006f90       0x2c Middlewares\Third_Party\LwIP\src\core\pbuf.o
                0x08006f90                pbuf_cat
 .text.pbuf_chain
                0x08006fbc       0x10 Middlewares\Third_Party\LwIP\src\core\pbuf.o
                0x08006fbc                pbuf_chain
 .text.pbuf_copy
                0x08006fcc       0xc8 Middlewares\Third_Party\LwIP\src\core\pbuf.o
                0x08006fcc                pbuf_copy
 .text.pbuf_copy_partial
                0x08007094       0x5e Middlewares\Third_Party\LwIP\src\core\pbuf.o
                0x08007094                pbuf_copy_partial
 *fill*         0x080070f2        0x2 
 .text.tcp_new_port
                0x080070f4       0x64 Middlewares\Third_Party\LwIP\src\core\tcp.o
 .text.tcp_init
                0x08007158        0x2 Middlewares\Third_Party\LwIP\src\core\tcp.o
                0x08007158                tcp_init
 .text.tcp_update_rcv_ann_wnd
                0x0800715a       0x3c Middlewares\Third_Party\LwIP\src\core\tcp.o
                0x0800715a                tcp_update_rcv_ann_wnd
 .text.tcp_recved
                0x08007196       0x4c Middlewares\Third_Party\LwIP\src\core\tcp.o
                0x08007196                tcp_recved
 .text.tcp_seg_free
                0x080071e2       0x1a Middlewares\Third_Party\LwIP\src\core\tcp.o
                0x080071e2                tcp_seg_free
 .text.tcp_segs_free
                0x080071fc       0x14 Middlewares\Third_Party\LwIP\src\core\tcp.o
                0x080071fc                tcp_segs_free
 .text.tcp_seg_copy
                0x08007210       0x28 Middlewares\Third_Party\LwIP\src\core\tcp.o
                0x08007210                tcp_seg_copy
 .text.tcp_arg  0x08007238        0x4 Middlewares\Third_Party\LwIP\src\core\tcp.o
                0x08007238                tcp_arg
 .text.tcp_recv
                0x0800723c        0x6 Middlewares\Third_Party\LwIP\src\core\tcp.o
                0x0800723c                tcp_recv
 .text.tcp_sent
                0x08007242        0x4 Middlewares\Third_Party\LwIP\src\core\tcp.o
                0x08007242                tcp_sent
 .text.tcp_err  0x08007246        0x6 Middlewares\Third_Party\LwIP\src\core\tcp.o
                0x08007246                tcp_err
 .text.tcp_accept
                0x0800724c        0x4 Middlewares\Third_Party\LwIP\src\core\tcp.o
                0x0800724c                tcp_accept
 .text.tcp_poll
                0x08007250        0xa Middlewares\Third_Party\LwIP\src\core\tcp.o
                0x08007250                tcp_poll
 .text.tcp_pcb_purge
                0x0800725a       0x42 Middlewares\Third_Party\LwIP\src\core\tcp.o
                0x0800725a                tcp_pcb_purge
 .text.tcp_slowtmr
                0x0800729c      0x31c Middlewares\Third_Party\LwIP\src\core\tcp.o
                0x0800729c                tcp_slowtmr
 .text.tcp_pcb_remove
                0x080075b8       0x52 Middlewares\Third_Party\LwIP\src\core\tcp.o
                0x080075b8                tcp_pcb_remove
 *fill*         0x0800760a        0x2 
 .text.tcp_close_shutdown
                0x0800760c      0x17c Middlewares\Third_Party\LwIP\src\core\tcp.o
 .text.tcp_close
                0x08007788       0x18 Middlewares\Third_Party\LwIP\src\core\tcp.o
                0x08007788                tcp_close
 .text.tcp_recv_null
                0x080077a0       0x24 Middlewares\Third_Party\LwIP\src\core\tcp.o
                0x080077a0                tcp_recv_null
 .text.tcp_process_refused_data
                0x080077c4       0x6e Middlewares\Third_Party\LwIP\src\core\tcp.o
                0x080077c4                tcp_process_refused_data
 *fill*         0x08007832        0x2 
 .text.tcp_fasttmr
                0x08007834       0x70 Middlewares\Third_Party\LwIP\src\core\tcp.o
                0x08007834                tcp_fasttmr
 .text.tcp_tmr  0x080078a4       0x24 Middlewares\Third_Party\LwIP\src\core\tcp.o
                0x080078a4                tcp_tmr
 .text.tcp_shutdown
                0x080078c8       0x58 Middlewares\Third_Party\LwIP\src\core\tcp.o
                0x080078c8                tcp_shutdown
 .text.tcp_abandon
                0x08007920       0xc8 Middlewares\Third_Party\LwIP\src\core\tcp.o
                0x08007920                tcp_abandon
 .text.tcp_abort
                0x080079e8        0xa Middlewares\Third_Party\LwIP\src\core\tcp.o
                0x080079e8                tcp_abort
 *fill*         0x080079f2        0x2 
 .text.tcp_kill_timewait
                0x080079f4       0x34 Middlewares\Third_Party\LwIP\src\core\tcp.o
 .text.tcp_kill_prio
                0x08007a28       0x44 Middlewares\Third_Party\LwIP\src\core\tcp.o
 .text.tcp_netif_ipv4_addr_changed_pcblist
                0x08007a6c       0x20 Middlewares\Third_Party\LwIP\src\core\tcp.o
 .text.tcp_kill_state
                0x08007a8c       0x3c Middlewares\Third_Party\LwIP\src\core\tcp.o
 .text.tcp_next_iss
                0x08007ac8       0x18 Middlewares\Third_Party\LwIP\src\core\tcp.o
                0x08007ac8                tcp_next_iss
 .text.tcp_alloc
                0x08007ae0       0xe0 Middlewares\Third_Party\LwIP\src\core\tcp.o
                0x08007ae0                tcp_alloc
 .text.tcp_new  0x08007bc0        0xa Middlewares\Third_Party\LwIP\src\core\tcp.o
                0x08007bc0                tcp_new
 .text.tcp_eff_send_mss_impl
                0x08007bca       0x24 Middlewares\Third_Party\LwIP\src\core\tcp.o
                0x08007bca                tcp_eff_send_mss_impl
 *fill*         0x08007bee        0x2 
 .text.tcp_connect
                0x08007bf0      0x104 Middlewares\Third_Party\LwIP\src\core\tcp.o
                0x08007bf0                tcp_connect
 .text.tcp_netif_ipv4_addr_changed
                0x08007cf4       0x50 Middlewares\Third_Party\LwIP\src\core\tcp.o
                0x08007cf4                tcp_netif_ipv4_addr_changed
 .text.tcp_getoptbyte
                0x08007d44       0x4c Middlewares\Third_Party\LwIP\src\core\tcp_in.o
 .text.tcp_parseopt
                0x08007d90       0x9c Middlewares\Third_Party\LwIP\src\core\tcp_in.o
 .text.tcp_timewait_input
                0x08007e2c       0x94 Middlewares\Third_Party\LwIP\src\core\tcp_in.o
 .text.tcp_listen_input
                0x08007ec0      0x110 Middlewares\Third_Party\LwIP\src\core\tcp_in.o
 .text.tcp_oos_insert_segment
                0x08007fd0       0x84 Middlewares\Third_Party\LwIP\src\core\tcp_in.o
 .text.tcp_receive
                0x08008054      0x888 Middlewares\Third_Party\LwIP\src\core\tcp_in.o
 .text.tcp_process
                0x080088dc      0x490 Middlewares\Third_Party\LwIP\src\core\tcp_in.o
 .text.tcp_input
                0x08008d6c      0x3f8 Middlewares\Third_Party\LwIP\src\core\tcp_in.o
                0x08008d6c                tcp_input
 .text.tcp_trigger_input_pcb_close
                0x08009164       0x10 Middlewares\Third_Party\LwIP\src\core\tcp_in.o
                0x08009164                tcp_trigger_input_pcb_close
 .text.tcp_write_checks
                0x08009174       0x4e Middlewares\Third_Party\LwIP\src\core\tcp_out.o
 .text.tcp_pbuf_prealloc
                0x080091c2       0x62 Middlewares\Third_Party\LwIP\src\core\tcp_out.o
 .text.tcp_create_segment
                0x08009224       0x9a Middlewares\Third_Party\LwIP\src\core\tcp_out.o
 .text.tcp_output_alloc_header
                0x080092be       0x6e Middlewares\Third_Party\LwIP\src\core\tcp_out.o
 .text.tcp_output_segment
                0x0800932c       0xdc Middlewares\Third_Party\LwIP\src\core\tcp_out.o
 .text.tcp_write
                0x08009408      0x326 Middlewares\Third_Party\LwIP\src\core\tcp_out.o
                0x08009408                tcp_write
 .text.tcp_enqueue_flags
                0x0800972e       0xd8 Middlewares\Third_Party\LwIP\src\core\tcp_out.o
                0x0800972e                tcp_enqueue_flags
 .text.tcp_send_fin
                0x08009806       0x44 Middlewares\Third_Party\LwIP\src\core\tcp_out.o
                0x08009806                tcp_send_fin
 .text.tcp_send_empty_ack
                0x0800984a       0x72 Middlewares\Third_Party\LwIP\src\core\tcp_out.o
                0x0800984a                tcp_send_empty_ack
 .text.tcp_output
                0x080098bc      0x1f4 Middlewares\Third_Party\LwIP\src\core\tcp_out.o
                0x080098bc                tcp_output
 .text.tcp_rst  0x08009ab0       0x88 Middlewares\Third_Party\LwIP\src\core\tcp_out.o
                0x08009ab0                tcp_rst
 .text.tcp_rexmit_rto
                0x08009b38       0x30 Middlewares\Third_Party\LwIP\src\core\tcp_out.o
                0x08009b38                tcp_rexmit_rto
 .text.tcp_rexmit
                0x08009b68       0x50 Middlewares\Third_Party\LwIP\src\core\tcp_out.o
                0x08009b68                tcp_rexmit
 .text.tcp_rexmit_fast
                0x08009bb8       0x5c Middlewares\Third_Party\LwIP\src\core\tcp_out.o
                0x08009bb8                tcp_rexmit_fast
 .text.tcp_keepalive
                0x08009c14       0x58 Middlewares\Third_Party\LwIP\src\core\tcp_out.o
                0x08009c14                tcp_keepalive
 .text.tcp_zero_window_probe
                0x08009c6c       0xbc Middlewares\Third_Party\LwIP\src\core\tcp_out.o
                0x08009c6c                tcp_zero_window_probe
 .text.udp_new_port
                0x08009d28       0x4c Middlewares\Third_Party\LwIP\src\core\udp.o
 .text.udp_init
                0x08009d74        0x2 Middlewares\Third_Party\LwIP\src\core\udp.o
                0x08009d74                udp_init
 *fill*         0x08009d76        0x2 
 .text.udp_input
                0x08009d78      0x158 Middlewares\Third_Party\LwIP\src\core\udp.o
                0x08009d78                udp_input
 .text.udp_bind
                0x08009ed0       0x98 Middlewares\Third_Party\LwIP\src\core\udp.o
                0x08009ed0                udp_bind
 .text.udp_sendto_if_src
                0x08009f68       0x9e Middlewares\Third_Party\LwIP\src\core\udp.o
                0x08009f68                udp_sendto_if_src
 .text.udp_sendto_if
                0x0800a006       0x36 Middlewares\Third_Party\LwIP\src\core\udp.o
                0x0800a006                udp_sendto_if
 .text.udp_sendto
                0x0800a03c       0x34 Middlewares\Third_Party\LwIP\src\core\udp.o
                0x0800a03c                udp_sendto
 .text.udp_send
                0x0800a070        0xe Middlewares\Third_Party\LwIP\src\core\udp.o
                0x0800a070                udp_send
 *fill*         0x0800a07e        0x2 
 .text.udp_connect
                0x0800a080       0x5c Middlewares\Third_Party\LwIP\src\core\udp.o
                0x0800a080                udp_connect
 .text.udp_disconnect
                0x0800a0dc       0x10 Middlewares\Third_Party\LwIP\src\core\udp.o
                0x0800a0dc                udp_disconnect
 .text.udp_recv
                0x0800a0ec        0x6 Middlewares\Third_Party\LwIP\src\core\udp.o
                0x0800a0ec                udp_recv
 *fill*         0x0800a0f2        0x2 
 .text.udp_remove
                0x0800a0f4       0x38 Middlewares\Third_Party\LwIP\src\core\udp.o
                0x0800a0f4                udp_remove
 .text.udp_new  0x0800a12c       0x1c Middlewares\Third_Party\LwIP\src\core\udp.o
                0x0800a12c                udp_new
 .text.udp_netif_ipv4_addr_changed
                0x0800a148       0x34 Middlewares\Third_Party\LwIP\src\core\udp.o
                0x0800a148                udp_netif_ipv4_addr_changed
 .text.etharp_free_entry
                0x0800a17c       0x34 Middlewares\Third_Party\LwIP\src\netif\etharp.o
 .text.etharp_find_entry
                0x0800a1b0      0x138 Middlewares\Third_Party\LwIP\src\netif\etharp.o
 .text.etharp_raw
                0x0800a2e8       0xa2 Middlewares\Third_Party\LwIP\src\netif\etharp.o
 *fill*         0x0800a38a        0x2 
 .text.etharp_request_dst
                0x0800a38c       0x28 Middlewares\Third_Party\LwIP\src\netif\etharp.o
 .text.etharp_send_ip
                0x0800a3b4       0x24 Middlewares\Third_Party\LwIP\src\netif\etharp.o
 .text.etharp_update_arp_entry
                0x0800a3d8       0x98 Middlewares\Third_Party\LwIP\src\netif\etharp.o
 .text.etharp_arp_input
                0x0800a470       0xe0 Middlewares\Third_Party\LwIP\src\netif\etharp.o
 .text.etharp_cleanup_netif
                0x0800a550       0x38 Middlewares\Third_Party\LwIP\src\netif\etharp.o
                0x0800a550                etharp_cleanup_netif
 .text.etharp_request
                0x0800a588       0x10 Middlewares\Third_Party\LwIP\src\netif\etharp.o
                0x0800a588                etharp_request
 .text.etharp_tmr
                0x0800a598       0x90 Middlewares\Third_Party\LwIP\src\netif\etharp.o
                0x0800a598                etharp_tmr
 .text.etharp_output_to_arp_index
                0x0800a628       0x9c Middlewares\Third_Party\LwIP\src\netif\etharp.o
 .text.etharp_query
                0x0800a6c4      0x138 Middlewares\Third_Party\LwIP\src\netif\etharp.o
                0x0800a6c4                etharp_query
 .text.etharp_output
                0x0800a7fc      0x114 Middlewares\Third_Party\LwIP\src\netif\etharp.o
                0x0800a7fc                etharp_output
 .text.ethernet_input
                0x0800a910       0x9c Middlewares\Third_Party\LwIP\src\netif\etharp.o
                0x0800a910                ethernet_input
 .text.sys_mbox_new
                0x0800a9ac       0x1c Middlewares\Third_Party\LwIP\system\OS\sys_arch.o
                0x0800a9ac                sys_mbox_new
 .text.sys_mbox_free
                0x0800a9c8       0x12 Middlewares\Third_Party\LwIP\system\OS\sys_arch.o
                0x0800a9c8                sys_mbox_free
 .text.sys_mbox_post
                0x0800a9da       0x1e Middlewares\Third_Party\LwIP\system\OS\sys_arch.o
                0x0800a9da                sys_mbox_post
 .text.sys_mbox_trypost
                0x0800a9f8       0x26 Middlewares\Third_Party\LwIP\system\OS\sys_arch.o
                0x0800a9f8                sys_mbox_trypost
 .text.sys_arch_mbox_fetch
                0x0800aa1e       0x56 Middlewares\Third_Party\LwIP\system\OS\sys_arch.o
                0x0800aa1e                sys_arch_mbox_fetch
 .text.sys_arch_mbox_tryfetch
                0x0800aa74       0x28 Middlewares\Third_Party\LwIP\system\OS\sys_arch.o
                0x0800aa74                sys_arch_mbox_tryfetch
 .text.sys_mbox_valid
                0x0800aa9c        0xc Middlewares\Third_Party\LwIP\system\OS\sys_arch.o
                0x0800aa9c                sys_mbox_valid
 .text.sys_mbox_set_invalid
                0x0800aaa8        0x6 Middlewares\Third_Party\LwIP\system\OS\sys_arch.o
                0x0800aaa8                sys_mbox_set_invalid
 .text.sys_sem_new
                0x0800aaae       0x3c Middlewares\Third_Party\LwIP\system\OS\sys_arch.o
                0x0800aaae                sys_sem_new
 .text.sys_arch_sem_wait
                0x0800aaea       0x46 Middlewares\Third_Party\LwIP\system\OS\sys_arch.o
                0x0800aaea                sys_arch_sem_wait
 .text.sys_sem_signal
                0x0800ab30       0x10 Middlewares\Third_Party\LwIP\system\OS\sys_arch.o
                0x0800ab30                sys_sem_signal
 .text.sys_sem_free
                0x0800ab40        0xa Middlewares\Third_Party\LwIP\system\OS\sys_arch.o
                0x0800ab40                sys_sem_free
 .text.sys_sem_valid
                0x0800ab4a        0xc Middlewares\Third_Party\LwIP\system\OS\sys_arch.o
                0x0800ab4a                sys_sem_valid
 .text.sys_sem_set_invalid
                0x0800ab56        0x6 Middlewares\Third_Party\LwIP\system\OS\sys_arch.o
                0x0800ab56                sys_sem_set_invalid
 .text.sys_init
                0x0800ab5c        0xc Middlewares\Third_Party\LwIP\system\OS\sys_arch.o
                0x0800ab5c                sys_init
 .text.sys_mutex_new
                0x0800ab68       0x18 Middlewares\Third_Party\LwIP\system\OS\sys_arch.o
                0x0800ab68                sys_mutex_new
 .text.sys_mutex_lock
                0x0800ab80        0xa Middlewares\Third_Party\LwIP\system\OS\sys_arch.o
                0x0800ab80                sys_mutex_lock
 .text.sys_mutex_unlock
                0x0800ab8a       0x10 Middlewares\Third_Party\LwIP\system\OS\sys_arch.o
                0x0800ab8a                sys_mutex_unlock
 *fill*         0x0800ab9a        0x2 
 .text.sys_thread_new
                0x0800ab9c       0x40 Middlewares\Third_Party\LwIP\system\OS\sys_arch.o
                0x0800ab9c                sys_thread_new
 .text.low_level_input
                0x0800abdc       0xdc Src\ethernetif.o
 .text.ethernetif_input
                0x0800acb8       0x44 Src\ethernetif.o
                0x0800acb8                ethernetif_input
 .text.low_level_output
                0x0800acfc       0xbc Src\ethernetif.o
 .text.low_level_init
                0x0800adb8       0xfc Src\ethernetif.o
 .text.HAL_ETH_MspInit
                0x0800aeb4       0xe0 Src\ethernetif.o
                0x0800aeb4                HAL_ETH_MspInit
 .text.HAL_ETH_RxCpltCallback
                0x0800af94       0x10 Src\ethernetif.o
                0x0800af94                HAL_ETH_RxCpltCallback
 .text.ethernetif_init
                0x0800afa4       0x28 Src\ethernetif.o
                0x0800afa4                ethernetif_init
 .text.ethernetif_set_link
                0x0800afcc       0x70 Src\ethernetif.o
                0x0800afcc                ethernetif_set_link
 .text.ethernetif_notify_conn_changed
                0x0800b03c        0x2 Src\ethernetif.o
                0x0800b03c                ethernetif_notify_conn_changed
 *fill*         0x0800b03e        0x2 
 .text.ethernetif_update_config
                0x0800b040       0xc8 Src\ethernetif.o
                0x0800b040                ethernetif_update_config
 .text.MX_GPIO_Init
                0x0800b108      0x20c Src\gpio.o
                0x0800b108                MX_GPIO_Init
 .text.MX_I2C1_Init
                0x0800b314       0x3c Src\i2c.o
                0x0800b314                MX_I2C1_Init
 .text.HAL_I2C_MspInit
                0x0800b350       0x58 Src\i2c.o
                0x0800b350                HAL_I2C_MspInit
 .text.MX_LWIP_Init
                0x0800b3a8      0x11c Src\lwip.o
                0x0800b3a8                MX_LWIP_Init
 .text.tcp_client_thread
                0x0800b4c4      0x1d8 Src\main.o
                0x0800b4c4                tcp_client_thread
 .text.HAL_TIM_PeriodElapsedCallback
                0x0800b69c       0x34 Src\main.o
                0x0800b69c                HAL_TIM_PeriodElapsedCallback
 .text.Error_Handler
                0x0800b6d0        0x2 Src\main.o
                0x0800b6d0                Error_Handler
 *fill*         0x0800b6d2        0x2 
 .text.SystemClock_Config
                0x0800b6d4       0xe0 Src\main.o
                0x0800b6d4                SystemClock_Config
 .text.main     0x0800b7b4       0x74 Src\main.o
                0x0800b7b4                main
 .text.MX_RTC_Init
                0x0800b828       0x80 Src\rtc.o
                0x0800b828                MX_RTC_Init
 .text.HAL_RTC_MspInit
                0x0800b8a8       0x1c Src\rtc.o
                0x0800b8a8                HAL_RTC_MspInit
 .text.HAL_MspInit
                0x0800b8c4       0x5e Src\stm32f4xx_hal_msp.o
                0x0800b8c4                HAL_MspInit
 *fill*         0x0800b922        0x2 
 .text.HAL_InitTick
                0x0800b924       0x7c Src\stm32f4xx_hal_timebase_TIM.o
                0x0800b924                HAL_InitTick
 .text.NMI_Handler
                0x0800b9a0        0x2 Src\stm32f4xx_it.o
                0x0800b9a0                NMI_Handler
 .text.HardFault_Handler
                0x0800b9a2        0x2 Src\stm32f4xx_it.o
                0x0800b9a2                HardFault_Handler
 .text.MemManage_Handler
                0x0800b9a4        0x2 Src\stm32f4xx_it.o
                0x0800b9a4                MemManage_Handler
 .text.BusFault_Handler
                0x0800b9a6        0x2 Src\stm32f4xx_it.o
                0x0800b9a6                BusFault_Handler
 .text.UsageFault_Handler
                0x0800b9a8        0x2 Src\stm32f4xx_it.o
                0x0800b9a8                UsageFault_Handler
 .text.DebugMon_Handler
                0x0800b9aa        0x2 Src\stm32f4xx_it.o
                0x0800b9aa                DebugMon_Handler
 .text.SysTick_Handler
                0x0800b9ac        0x8 Src\stm32f4xx_it.o
                0x0800b9ac                SysTick_Handler
 .text.TIM1_UP_TIM10_IRQHandler
                0x0800b9b4       0x10 Src\stm32f4xx_it.o
                0x0800b9b4                TIM1_UP_TIM10_IRQHandler
 .text.TIM3_IRQHandler
                0x0800b9c4       0x60 Src\stm32f4xx_it.o
                0x0800b9c4                TIM3_IRQHandler
 .text.ETH_IRQHandler
                0x0800ba24       0x10 Src\stm32f4xx_it.o
                0x0800ba24                ETH_IRQHandler
 .text.SystemInit
                0x0800ba34       0x4c Src\system_stm32f4xx.o
                0x0800ba34                SystemInit
 .text.MX_TIM3_Init
                0x0800ba80       0x6c Src\tim.o
                0x0800ba80                MX_TIM3_Init
 .text.HAL_TIM_Base_MspInit
                0x0800baec       0x40 Src\tim.o
                0x0800baec                HAL_TIM_Base_MspInit
 .text.MX_USART1_UART_Init
                0x0800bb2c       0x34 Src\usart.o
                0x0800bb2c                MX_USART1_UART_Init
 .text.HAL_UART_MspInit
                0x0800bb60       0x58 Src\usart.o
                0x0800bb60                HAL_UART_MspInit
 .text.Reset_Handler
                0x0800bbb8       0x50 startup\startup_stm32f429xx.o
                0x0800bbb8                Reset_Handler
 .text.Default_Handler
                0x0800bc08        0x2 startup\startup_stm32f429xx.o
                0x0800bc08                RTC_Alarm_IRQHandler
                0x0800bc08                HASH_RNG_IRQHandler
                0x0800bc08                EXTI2_IRQHandler
                0x0800bc08                TIM8_CC_IRQHandler
                0x0800bc08                UART8_IRQHandler
                0x0800bc08                SPI4_IRQHandler
                0x0800bc08                TIM1_CC_IRQHandler
                0x0800bc08                DMA2_Stream5_IRQHandler
                0x0800bc08                DMA1_Stream5_IRQHandler
                0x0800bc08                PVD_IRQHandler
                0x0800bc08                SDIO_IRQHandler
                0x0800bc08                TAMP_STAMP_IRQHandler
                0x0800bc08                CAN2_RX1_IRQHandler
                0x0800bc08                EXTI3_IRQHandler
                0x0800bc08                TIM8_TRG_COM_TIM14_IRQHandler
                0x0800bc08                TIM8_UP_TIM13_IRQHandler
                0x0800bc08                I2C3_ER_IRQHandler
                0x0800bc08                EXTI0_IRQHandler
                0x0800bc08                I2C2_EV_IRQHandler
                0x0800bc08                DMA1_Stream2_IRQHandler
                0x0800bc08                CAN1_RX0_IRQHandler
                0x0800bc08                FPU_IRQHandler
                0x0800bc08                OTG_HS_WKUP_IRQHandler
                0x0800bc08                LTDC_ER_IRQHandler
                0x0800bc08                CAN2_SCE_IRQHandler
                0x0800bc08                DMA2_Stream2_IRQHandler
                0x0800bc08                SPI1_IRQHandler
                0x0800bc08                TIM6_DAC_IRQHandler
                0x0800bc08                TIM1_BRK_TIM9_IRQHandler
                0x0800bc08                DCMI_IRQHandler
                0x0800bc08                CAN2_RX0_IRQHandler
                0x0800bc08                DMA2_Stream3_IRQHandler
                0x0800bc08                USART6_IRQHandler
                0x0800bc08                USART3_IRQHandler
                0x0800bc08                CAN1_RX1_IRQHandler
                0x0800bc08                UART5_IRQHandler
                0x0800bc08                DMA2_Stream0_IRQHandler
                0x0800bc08                TIM4_IRQHandler
                0x0800bc08                I2C1_EV_IRQHandler
                0x0800bc08                DMA1_Stream6_IRQHandler
                0x0800bc08                DMA1_Stream1_IRQHandler
                0x0800bc08                UART4_IRQHandler
                0x0800bc08                RCC_IRQHandler
                0x0800bc08                TIM8_BRK_TIM12_IRQHandler
                0x0800bc08                Default_Handler
                0x0800bc08                EXTI15_10_IRQHandler
                0x0800bc08                ADC_IRQHandler
                0x0800bc08                DMA1_Stream7_IRQHandler
                0x0800bc08                SPI5_IRQHandler
                0x0800bc08                TIM7_IRQHandler
                0x0800bc08                CAN2_TX_IRQHandler
                0x0800bc08                TIM5_IRQHandler
                0x0800bc08                DMA2_Stream7_IRQHandler
                0x0800bc08                I2C3_EV_IRQHandler
                0x0800bc08                EXTI9_5_IRQHandler
                0x0800bc08                RTC_WKUP_IRQHandler
                0x0800bc08                LTDC_IRQHandler
                0x0800bc08                ETH_WKUP_IRQHandler
                0x0800bc08                SPI2_IRQHandler
                0x0800bc08                OTG_HS_EP1_IN_IRQHandler
                0x0800bc08                DMA1_Stream0_IRQHandler
                0x0800bc08                CAN1_TX_IRQHandler
                0x0800bc08                EXTI4_IRQHandler
                0x0800bc08                OTG_HS_EP1_OUT_IRQHandler
                0x0800bc08                WWDG_IRQHandler
                0x0800bc08                SPI6_IRQHandler
                0x0800bc08                TIM2_IRQHandler
                0x0800bc08                OTG_FS_WKUP_IRQHandler
                0x0800bc08                TIM1_TRG_COM_TIM11_IRQHandler
                0x0800bc08                OTG_HS_IRQHandler
                0x0800bc08                DMA2D_IRQHandler
                0x0800bc08                EXTI1_IRQHandler
                0x0800bc08                UART7_IRQHandler
                0x0800bc08                USART2_IRQHandler
                0x0800bc08                I2C2_ER_IRQHandler
                0x0800bc08                DMA2_Stream1_IRQHandler
                0x0800bc08                CAN1_SCE_IRQHandler
                0x0800bc08                FLASH_IRQHandler
                0x0800bc08                DMA2_Stream4_IRQHandler
                0x0800bc08                USART1_IRQHandler
                0x0800bc08                OTG_FS_IRQHandler
                0x0800bc08                SPI3_IRQHandler
                0x0800bc08                DMA1_Stream4_IRQHandler
                0x0800bc08                I2C1_ER_IRQHandler
                0x0800bc08                FMC_IRQHandler
                0x0800bc08                DMA2_Stream6_IRQHandler
                0x0800bc08                SAI1_IRQHandler
                0x0800bc08                DMA1_Stream3_IRQHandler
 *fill*         0x0800bc0a        0x2 
 .text.__errno  0x0800bc0c        0xc f:/atollic/truestudio for arm 8.0.0/armtools/bin/../lib/gcc/arm-atollic-eabi/6.3.1/../../../../arm-atollic-eabi/lib/armv7e-m/fpu\libc_nano.a(lib_a-errno.o)
                0x0800bc0c                __errno
 .text.__libc_init_array
                0x0800bc18       0x48 f:/atollic/truestudio for arm 8.0.0/armtools/bin/../lib/gcc/arm-atollic-eabi/6.3.1/../../../../arm-atollic-eabi/lib/armv7e-m/fpu\libc_nano.a(lib_a-init.o)
                0x0800bc18                __libc_init_array
 .text.memcmp   0x0800bc60       0x1e f:/atollic/truestudio for arm 8.0.0/armtools/bin/../lib/gcc/arm-atollic-eabi/6.3.1/../../../../arm-atollic-eabi/lib/armv7e-m/fpu\libc_nano.a(lib_a-memcmp.o)
                0x0800bc60                memcmp
 .text.memcpy   0x0800bc7e       0x16 f:/atollic/truestudio for arm 8.0.0/armtools/bin/../lib/gcc/arm-atollic-eabi/6.3.1/../../../../arm-atollic-eabi/lib/armv7e-m/fpu\libc_nano.a(lib_a-memcpy-stub.o)
                0x0800bc7e                memcpy
 .text.memset   0x0800bc94       0x10 f:/atollic/truestudio for arm 8.0.0/armtools/bin/../lib/gcc/arm-atollic-eabi/6.3.1/../../../../arm-atollic-eabi/lib/armv7e-m/fpu\libc_nano.a(lib_a-memset.o)
                0x0800bc94                memset
 .text.printf   0x0800bca4       0x30 f:/atollic/truestudio for arm 8.0.0/armtools/bin/../lib/gcc/arm-atollic-eabi/6.3.1/../../../../arm-atollic-eabi/lib/armv7e-m/fpu\libc_nano.a(lib_a-printf.o)
                0x0800bca4                iprintf
                0x0800bca4                printf
 .text._puts_r  0x0800bcd4       0xb8 f:/atollic/truestudio for arm 8.0.0/armtools/bin/../lib/gcc/arm-atollic-eabi/6.3.1/../../../../arm-atollic-eabi/lib/armv7e-m/fpu\libc_nano.a(lib_a-puts.o)
                0x0800bcd4                _puts_r
 .text.puts     0x0800bd8c       0x10 f:/atollic/truestudio for arm 8.0.0/armtools/bin/../lib/gcc/arm-atollic-eabi/6.3.1/../../../../arm-atollic-eabi/lib/armv7e-m/fpu\libc_nano.a(lib_a-puts.o)
                0x0800bd8c                puts
 .text._strerror_r
                0x0800bd9c      0x3cc f:/atollic/truestudio for arm 8.0.0/armtools/bin/../lib/gcc/arm-atollic-eabi/6.3.1/../../../../arm-atollic-eabi/lib/armv7e-m/fpu\libc_nano.a(lib_a-strerror.o)
                0x0800bd9c                _strerror_r
 .text.strerror
                0x0800c168       0x14 f:/atollic/truestudio for arm 8.0.0/armtools/bin/../lib/gcc/arm-atollic-eabi/6.3.1/../../../../arm-atollic-eabi/lib/armv7e-m/fpu\libc_nano.a(lib_a-strerror.o)
                0x0800c168                strerror
 .text._user_strerror
                0x0800c17c        0x4 f:/atollic/truestudio for arm 8.0.0/armtools/bin/../lib/gcc/arm-atollic-eabi/6.3.1/../../../../arm-atollic-eabi/lib/armv7e-m/fpu\libc_nano.a(lib_a-u_strerr.o)
                0x0800c17c                _user_strerror
 .text.__swbuf_r
                0x0800c180       0xa4 f:/atollic/truestudio for arm 8.0.0/armtools/bin/../lib/gcc/arm-atollic-eabi/6.3.1/../../../../arm-atollic-eabi/lib/armv7e-m/fpu\libc_nano.a(lib_a-wbuf.o)
                0x0800c180                __swbuf_r
 .text.__swsetup_r
                0x0800c224       0xdc f:/atollic/truestudio for arm 8.0.0/armtools/bin/../lib/gcc/arm-atollic-eabi/6.3.1/../../../../arm-atollic-eabi/lib/armv7e-m/fpu\libc_nano.a(lib_a-wsetup.o)
                0x0800c224                __swsetup_r
 .text.__sflush_r
                0x0800c300      0x110 f:/atollic/truestudio for arm 8.0.0/armtools/bin/../lib/gcc/arm-atollic-eabi/6.3.1/../../../../arm-atollic-eabi/lib/armv7e-m/fpu\libc_nano.a(lib_a-fflush.o)
                0x0800c300                __sflush_r
 .text._fflush_r
                0x0800c410       0x54 f:/atollic/truestudio for arm 8.0.0/armtools/bin/../lib/gcc/arm-atollic-eabi/6.3.1/../../../../arm-atollic-eabi/lib/armv7e-m/fpu\libc_nano.a(lib_a-fflush.o)
                0x0800c410                _fflush_r
 .text._cleanup_r
                0x0800c464        0xc f:/atollic/truestudio for arm 8.0.0/armtools/bin/../lib/gcc/arm-atollic-eabi/6.3.1/../../../../arm-atollic-eabi/lib/armv7e-m/fpu\libc_nano.a(lib_a-findfp.o)
                0x0800c464                _cleanup_r
 .text.std.isra.0
                0x0800c470       0x48 f:/atollic/truestudio for arm 8.0.0/armtools/bin/../lib/gcc/arm-atollic-eabi/6.3.1/../../../../arm-atollic-eabi/lib/armv7e-m/fpu\libc_nano.a(lib_a-findfp.o)
 .text.__sfmoreglue
                0x0800c4b8       0x2c f:/atollic/truestudio for arm 8.0.0/armtools/bin/../lib/gcc/arm-atollic-eabi/6.3.1/../../../../arm-atollic-eabi/lib/armv7e-m/fpu\libc_nano.a(lib_a-findfp.o)
                0x0800c4b8                __sfmoreglue
 .text.__sinit  0x0800c4e4       0x60 f:/atollic/truestudio for arm 8.0.0/armtools/bin/../lib/gcc/arm-atollic-eabi/6.3.1/../../../../arm-atollic-eabi/lib/armv7e-m/fpu\libc_nano.a(lib_a-findfp.o)
                0x0800c4e4                __sinit
 .text.__sfp    0x0800c544       0x78 f:/atollic/truestudio for arm 8.0.0/armtools/bin/../lib/gcc/arm-atollic-eabi/6.3.1/../../../../arm-atollic-eabi/lib/armv7e-m/fpu\libc_nano.a(lib_a-findfp.o)
                0x0800c544                __sfp
 .text._fwalk_reent
                0x0800c5bc       0x3c f:/atollic/truestudio for arm 8.0.0/armtools/bin/../lib/gcc/arm-atollic-eabi/6.3.1/../../../../arm-atollic-eabi/lib/armv7e-m/fpu\libc_nano.a(lib_a-fwalk.o)
                0x0800c5bc                _fwalk_reent
 .text.__swhatbuf_r
                0x0800c5f8       0x48 f:/atollic/truestudio for arm 8.0.0/armtools/bin/../lib/gcc/arm-atollic-eabi/6.3.1/../../../../arm-atollic-eabi/lib/armv7e-m/fpu\libc_nano.a(lib_a-makebuf.o)
                0x0800c5f8                __swhatbuf_r
 .text.__smakebuf_r
                0x0800c640       0x80 f:/atollic/truestudio for arm 8.0.0/armtools/bin/../lib/gcc/arm-atollic-eabi/6.3.1/../../../../arm-atollic-eabi/lib/armv7e-m/fpu\libc_nano.a(lib_a-makebuf.o)
                0x0800c640                __smakebuf_r
 .text._free_r  0x0800c6c0       0x9c f:/atollic/truestudio for arm 8.0.0/armtools/bin/../lib/gcc/arm-atollic-eabi/6.3.1/../../../../arm-atollic-eabi/lib/armv7e-m/fpu\libc_nano.a(lib_a-nano-freer.o)
                0x0800c6c0                _free_r
 .text._malloc_r
                0x0800c75c       0xbc f:/atollic/truestudio for arm 8.0.0/armtools/bin/../lib/gcc/arm-atollic-eabi/6.3.1/../../../../arm-atollic-eabi/lib/armv7e-m/fpu\libc_nano.a(lib_a-nano-mallocr.o)
                0x0800c75c                _malloc_r
 .text.__sfputc_r
                0x0800c818       0x30 f:/atollic/truestudio for arm 8.0.0/armtools/bin/../lib/gcc/arm-atollic-eabi/6.3.1/../../../../arm-atollic-eabi/lib/armv7e-m/fpu\libc_nano.a(lib_a-nano-vfprintf.o)
 .text.__sfputs_r
                0x0800c848       0x24 f:/atollic/truestudio for arm 8.0.0/armtools/bin/../lib/gcc/arm-atollic-eabi/6.3.1/../../../../arm-atollic-eabi/lib/armv7e-m/fpu\libc_nano.a(lib_a-nano-vfprintf.o)
                0x0800c848                __sfputs_r
 .text._vfprintf_r
                0x0800c86c      0x22c f:/atollic/truestudio for arm 8.0.0/armtools/bin/../lib/gcc/arm-atollic-eabi/6.3.1/../../../../arm-atollic-eabi/lib/armv7e-m/fpu\libc_nano.a(lib_a-nano-vfprintf.o)
                0x0800c86c                _vfprintf_r
                0x0800c86c                _vfiprintf_r
 .text._printf_common
                0x0800ca98       0xec f:/atollic/truestudio for arm 8.0.0/armtools/bin/../lib/gcc/arm-atollic-eabi/6.3.1/../../../../arm-atollic-eabi/lib/armv7e-m/fpu\libc_nano.a(lib_a-nano-vfprintf_i.o)
                0x0800ca98                _printf_common
 .text._printf_i
                0x0800cb84      0x240 f:/atollic/truestudio for arm 8.0.0/armtools/bin/../lib/gcc/arm-atollic-eabi/6.3.1/../../../../arm-atollic-eabi/lib/armv7e-m/fpu\libc_nano.a(lib_a-nano-vfprintf_i.o)
                0x0800cb84                _printf_i
 .text._sbrk_r  0x0800cdc4       0x20 f:/atollic/truestudio for arm 8.0.0/armtools/bin/../lib/gcc/arm-atollic-eabi/6.3.1/../../../../arm-atollic-eabi/lib/armv7e-m/fpu\libc_nano.a(lib_a-sbrkr.o)
                0x0800cdc4                _sbrk_r
 .text.__sread  0x0800cde4       0x22 f:/atollic/truestudio for arm 8.0.0/armtools/bin/../lib/gcc/arm-atollic-eabi/6.3.1/../../../../arm-atollic-eabi/lib/armv7e-m/fpu\libc_nano.a(lib_a-stdio.o)
                0x0800cde4                __sread
 .text.__swrite
                0x0800ce06       0x38 f:/atollic/truestudio for arm 8.0.0/armtools/bin/../lib/gcc/arm-atollic-eabi/6.3.1/../../../../arm-atollic-eabi/lib/armv7e-m/fpu\libc_nano.a(lib_a-stdio.o)
                0x0800ce06                __swrite
 .text.__sseek  0x0800ce3e       0x24 f:/atollic/truestudio for arm 8.0.0/armtools/bin/../lib/gcc/arm-atollic-eabi/6.3.1/../../../../arm-atollic-eabi/lib/armv7e-m/fpu\libc_nano.a(lib_a-stdio.o)
                0x0800ce3e                __sseek
 .text.__sclose
                0x0800ce62        0x8 f:/atollic/truestudio for arm 8.0.0/armtools/bin/../lib/gcc/arm-atollic-eabi/6.3.1/../../../../arm-atollic-eabi/lib/armv7e-m/fpu\libc_nano.a(lib_a-stdio.o)
                0x0800ce62                __sclose
 *fill*         0x0800ce6a        0x2 
 .text._write_r
                0x0800ce6c       0x24 f:/atollic/truestudio for arm 8.0.0/armtools/bin/../lib/gcc/arm-atollic-eabi/6.3.1/../../../../arm-atollic-eabi/lib/armv7e-m/fpu\libc_nano.a(lib_a-writer.o)
                0x0800ce6c                _write_r
 .text._close_r
                0x0800ce90       0x20 f:/atollic/truestudio for arm 8.0.0/armtools/bin/../lib/gcc/arm-atollic-eabi/6.3.1/../../../../arm-atollic-eabi/lib/armv7e-m/fpu\libc_nano.a(lib_a-closer.o)
                0x0800ce90                _close_r
 .text._fstat_r
                0x0800ceb0       0x24 f:/atollic/truestudio for arm 8.0.0/armtools/bin/../lib/gcc/arm-atollic-eabi/6.3.1/../../../../arm-atollic-eabi/lib/armv7e-m/fpu\libc_nano.a(lib_a-fstatr.o)
                0x0800ceb0                _fstat_r
 .text._isatty_r
                0x0800ced4       0x20 f:/atollic/truestudio for arm 8.0.0/armtools/bin/../lib/gcc/arm-atollic-eabi/6.3.1/../../../../arm-atollic-eabi/lib/armv7e-m/fpu\libc_nano.a(lib_a-isattyr.o)
                0x0800ced4                _isatty_r
 .text._lseek_r
                0x0800cef4       0x24 f:/atollic/truestudio for arm 8.0.0/armtools/bin/../lib/gcc/arm-atollic-eabi/6.3.1/../../../../arm-atollic-eabi/lib/armv7e-m/fpu\libc_nano.a(lib_a-lseekr.o)
                0x0800cef4                _lseek_r
 .text.__malloc_lock
                0x0800cf18        0x2 f:/atollic/truestudio for arm 8.0.0/armtools/bin/../lib/gcc/arm-atollic-eabi/6.3.1/../../../../arm-atollic-eabi/lib/armv7e-m/fpu\libc_nano.a(lib_a-mlock.o)
                0x0800cf18                __malloc_lock
 .text.__malloc_unlock
                0x0800cf1a        0x2 f:/atollic/truestudio for arm 8.0.0/armtools/bin/../lib/gcc/arm-atollic-eabi/6.3.1/../../../../arm-atollic-eabi/lib/armv7e-m/fpu\libc_nano.a(lib_a-mlock.o)
                0x0800cf1a                __malloc_unlock
 .text._read_r  0x0800cf1c       0x24 f:/atollic/truestudio for arm 8.0.0/armtools/bin/../lib/gcc/arm-atollic-eabi/6.3.1/../../../../arm-atollic-eabi/lib/armv7e-m/fpu\libc_nano.a(lib_a-readr.o)
                0x0800cf1c                _read_r
 .text._close   0x0800cf40       0x10 f:/atollic/truestudio for arm 8.0.0/armtools/bin/../lib/gcc/arm-atollic-eabi/6.3.1/../../../../arm-atollic-eabi/lib/armv7e-m/fpu\libnosys.a(close.o)
                0x0800cf40                _close
 .text._fstat   0x0800cf50       0x10 f:/atollic/truestudio for arm 8.0.0/armtools/bin/../lib/gcc/arm-atollic-eabi/6.3.1/../../../../arm-atollic-eabi/lib/armv7e-m/fpu\libnosys.a(fstat.o)
                0x0800cf50                _fstat
 .text._isatty  0x0800cf60       0x10 f:/atollic/truestudio for arm 8.0.0/armtools/bin/../lib/gcc/arm-atollic-eabi/6.3.1/../../../../arm-atollic-eabi/lib/armv7e-m/fpu\libnosys.a(isatty.o)
                0x0800cf60                _isatty
 .text._lseek   0x0800cf70       0x10 f:/atollic/truestudio for arm 8.0.0/armtools/bin/../lib/gcc/arm-atollic-eabi/6.3.1/../../../../arm-atollic-eabi/lib/armv7e-m/fpu\libnosys.a(lseek.o)
                0x0800cf70                _lseek
 .text._read    0x0800cf80       0x10 f:/atollic/truestudio for arm 8.0.0/armtools/bin/../lib/gcc/arm-atollic-eabi/6.3.1/../../../../arm-atollic-eabi/lib/armv7e-m/fpu\libnosys.a(read.o)
                0x0800cf80                _read
 .text._sbrk    0x0800cf90       0x1c f:/atollic/truestudio for arm 8.0.0/armtools/bin/../lib/gcc/arm-atollic-eabi/6.3.1/../../../../arm-atollic-eabi/lib/armv7e-m/fpu\libnosys.a(sbrk.o)
                0x0800cf90                _sbrk
 .text._write   0x0800cfac       0x10 f:/atollic/truestudio for arm 8.0.0/armtools/bin/../lib/gcc/arm-atollic-eabi/6.3.1/../../../../arm-atollic-eabi/lib/armv7e-m/fpu\libnosys.a(write.o)
                0x0800cfac                _write
 *(.glue_7)
 .glue_7        0x0800cfbc        0x0 linker stubs
 *(.glue_7t)
 .glue_7t       0x0800cfbc        0x0 linker stubs
 *(.eh_frame)
 .eh_frame      0x0800cfbc        0x0 f:/atollic/truestudio for arm 8.0.0/armtools/bin/../lib/gcc/arm-atollic-eabi/6.3.1/armv7e-m/fpu/crtbegin.o
 *(.init)
 .init          0x0800cfbc        0x4 f:/atollic/truestudio for arm 8.0.0/armtools/bin/../lib/gcc/arm-atollic-eabi/6.3.1/armv7e-m/fpu/crti.o
                0x0800cfbc                _init
 .init          0x0800cfc0        0x8 f:/atollic/truestudio for arm 8.0.0/armtools/bin/../lib/gcc/arm-atollic-eabi/6.3.1/armv7e-m/fpu/crtn.o
 *(.fini)
 .fini          0x0800cfc8        0x4 f:/atollic/truestudio for arm 8.0.0/armtools/bin/../lib/gcc/arm-atollic-eabi/6.3.1/armv7e-m/fpu/crti.o
                0x0800cfc8                _fini