stm32f4xx_hal_i2c.c:4084:26:I2C_Master_SB	0	static
stm32f4xx_hal_i2c.c:4136:26:I2C_Master_ADD10	0	static
stm32f4xx_hal_i2c.c:4150:26:I2C_Master_ADDR	48	static
stm32f4xx_hal_i2c.c:4330:26:I2C_SlaveTransmit_BTF	0	static
stm32f4xx_hal_i2c.c:4380:26:I2C_SlaveReceive_BTF	0	static
stm32f4xx_hal_i2c.c:5477:26:I2C_IsAcknowledgeFailed	0	static
stm32f4xx_hal_i2c.c:5245:26:I2C_WaitOnFlagUntilTimeout	24	static
stm32f4xx_hal_i2c.c:5279:26:I2C_WaitOnMasterAddressFlagUntilTimeout	24	static
stm32f4xx_hal_i2c.c:4704:26:I2C_MasterRequestWrite	32	static
stm32f4xx_hal_i2c.c:4780:26:I2C_MasterRequestRead	40	static
stm32f4xx_hal_i2c.c:5327:26:I2C_WaitOnTXEFlagUntilTimeout	16	static
stm32f4xx_hal_i2c.c:4888:26:I2C_RequestMemoryWrite	40	static
stm32f4xx_hal_i2c.c:4978:26:I2C_RequestMemoryRead	40	static
stm32f4xx_hal_i2c.c:5364:26:I2C_WaitOnBTFFlagUntilTimeout	16	static
stm32f4xx_hal_i2c.c:5435:26:I2C_WaitOnRXNEFlagUntilTimeout	16	static
stm32f4xx_hal_i2c.c:5401:26:I2C_WaitOnSTOPFlagUntilTimeout	16	static
stm32f4xx_hal_i2c.c:474:14:HAL_I2C_MspInit	0	static
stm32f4xx_hal_i2c.c:356:19:HAL_I2C_Init	16	static
stm32f4xx_hal_i2c.c:489:14:HAL_I2C_MspDeInit	0	static
stm32f4xx_hal_i2c.c:438:19:HAL_I2C_DeInit	8	static
stm32f4xx_hal_i2c.c:577:19:HAL_I2C_Master_Transmit	40	static
stm32f4xx_hal_i2c.c:709:19:HAL_I2C_Master_Receive	48	static
stm32f4xx_hal_i2c.c:940:19:HAL_I2C_Slave_Transmit	40	static
stm32f4xx_hal_i2c.c:1069:19:HAL_I2C_Slave_Receive	40	static
stm32f4xx_hal_i2c.c:1196:19:HAL_I2C_Master_Transmit_IT	16	static
stm32f4xx_hal_i2c.c:1273:19:HAL_I2C_Master_Receive_IT	16	static
stm32f4xx_hal_i2c.c:1356:19:HAL_I2C_Master_Sequential_Transmit_IT	16	static
stm32f4xx_hal_i2c.c:1459:19:HAL_I2C_Master_Sequential_Receive_IT	16	static
stm32f4xx_hal_i2c.c:1560:19:HAL_I2C_Slave_Transmit_IT	16	static
stm32f4xx_hal_i2c.c:1640:19:HAL_I2C_Slave_Receive_IT	16	static
stm32f4xx_hal_i2c.c:1722:19:HAL_I2C_Slave_Sequential_Transmit_IT	16	static
stm32f4xx_hal_i2c.c:1788:19:HAL_I2C_Slave_Sequential_Receive_IT	16	static
stm32f4xx_hal_i2c.c:1850:19:HAL_I2C_EnableListen_IT	0	static
stm32f4xx_hal_i2c.c:1883:19:HAL_I2C_DisableListen_IT	0	static
stm32f4xx_hal_i2c.c:1920:19:HAL_I2C_Master_Transmit_DMA	24	static
stm32f4xx_hal_i2c.c:2040:19:HAL_I2C_Master_Receive_DMA	24	static
stm32f4xx_hal_i2c.c:2205:19:HAL_I2C_Slave_Transmit_DMA	24	static
stm32f4xx_hal_i2c.c:2302:19:HAL_I2C_Slave_Receive_DMA	24	static
stm32f4xx_hal_i2c.c:2402:19:HAL_I2C_Mem_Write	32	static
stm32f4xx_hal_i2c.c:2535:19:HAL_I2C_Mem_Read	56	static
stm32f4xx_hal_i2c.c:2768:19:HAL_I2C_Mem_Write_IT	24	static
stm32f4xx_hal_i2c.c:2853:19:HAL_I2C_Mem_Read_IT	24	static
stm32f4xx_hal_i2c.c:2943:19:HAL_I2C_Mem_Write_DMA	48	static
stm32f4xx_hal_i2c.c:3065:19:HAL_I2C_Mem_Read_DMA	56	static
stm32f4xx_hal_i2c.c:3228:19:HAL_I2C_IsDeviceReady	48	static
stm32f4xx_hal_i2c.c:3531:13:HAL_I2C_MasterTxCpltCallback	0	static
stm32f4xx_hal_i2c.c:3547:13:HAL_I2C_MasterRxCpltCallback	0	static
stm32f4xx_hal_i2c.c:3562:13:HAL_I2C_SlaveTxCpltCallback	0	static
stm32f4xx_hal_i2c.c:4297:26:I2C_SlaveTransmit_TXE	8	static
stm32f4xx_hal_i2c.c:3578:13:HAL_I2C_SlaveRxCpltCallback	0	static
stm32f4xx_hal_i2c.c:4347:26:I2C_SlaveReceive_RXNE	8	static
stm32f4xx_hal_i2c.c:3596:13:HAL_I2C_AddrCallback	0	static
stm32f4xx_hal_i2c.c:4397:26:I2C_Slave_ADDR	8	static
stm32f4xx_hal_i2c.c:3614:13:HAL_I2C_ListenCpltCallback	0	static
stm32f4xx_hal_i2c.c:4517:26:I2C_Slave_AF	8	static
stm32f4xx_hal_i2c.c:3630:13:HAL_I2C_MemTxCpltCallback	0	static
stm32f4xx_hal_i2c.c:3751:26:I2C_MasterTransmit_TXE	8	static
stm32f4xx_hal_i2c.c:3864:26:I2C_MasterTransmit_BTF	8	static
stm32f4xx_hal_i2c.c:3646:13:HAL_I2C_MemRxCpltCallback	0	static
stm32f4xx_hal_i2c.c:3925:26:I2C_MasterReceive_RXNE	8	static
stm32f4xx_hal_i2c.c:4002:26:I2C_MasterReceive_BTF	8	static
stm32f4xx_hal_i2c.c:3662:13:HAL_I2C_ErrorCallback	0	static
stm32f4xx_hal_i2c.c:5169:13:I2C_DMAError	8	static
stm32f4xx_hal_i2c.c:5105:13:I2C_DMAXferCplt	8	static
stm32f4xx_hal_i2c.c:3678:13:HAL_I2C_AbortCpltCallback	0	static
stm32f4xx_hal_i2c.c:4577:13:I2C_ITError	8	static
stm32f4xx_hal_i2c.c:2159:19:HAL_I2C_Master_Abort_IT	8	static
stm32f4xx_hal_i2c.c:4429:26:I2C_Slave_STOPF	16	static
stm32f4xx_hal_i2c.c:3351:6:HAL_I2C_EV_IRQHandler	24	static
stm32f4xx_hal_i2c.c:3457:6:HAL_I2C_ER_IRQHandler	16	static
stm32f4xx_hal_i2c.c:5196:13:I2C_DMAAbort	8	static
stm32f4xx_hal_i2c.c:3713:22:HAL_I2C_GetState	0	static
stm32f4xx_hal_i2c.c:3725:21:HAL_I2C_GetMode	0	static
stm32f4xx_hal_i2c.c:3736:10:HAL_I2C_GetError	0	static
