tasks.c:1373:20:prvTaskIsTaskSuspended	0	static
tasks.c:3263:18:prvTaskCheckFreeStackSpace	0	static
tasks.c:3178:21:prvListTaskWithinSingleList	40	static
tasks.c:3347:13:prvResetNextTaskUnblockTime	0	static
tasks.c:3311:14:prvDeleteTCB	8	static
tasks.c:3101:15:prvAllocateTCBAndStack	16	static
tasks.c:2833:13:prvInitialiseTCBVariables	16	static
tasks.c:2998:13:prvInitialiseTaskLists	16	static
tasks.c:3071:13:prvAddCurrentTaskToDelayedList	8	static
tasks.c:551:12:xTaskGenericCreate	48	static
tasks.c:744:7:vTaskDelete	16	static
tasks.c:1058:14:uxTaskPriorityGet	8	static
tasks.c:1080:14:uxTaskPriorityGetFromISR	8	static
tasks.c:1120:7:vTaskPrioritySet	24	static
tasks.c:1419:7:vTaskResume	16	static
tasks.c:1473:13:xTaskResumeFromISR	24	static
tasks.c:1543:6:vTaskStartScheduler	24	static
tasks.c:1622:6:vTaskEndScheduler	8	static
tasks.c:1633:6:vTaskSuspendAll	0	static
tasks.c:1764:12:xTaskGetTickCount	0	static
tasks.c:1779:12:xTaskGetTickCountFromISR	8	static
tasks.c:1810:13:uxTaskGetNumberOfTasks	0	static
tasks.c:1939:12:xTaskIncrementTick	24	static
tasks.c:1671:12:xTaskResumeAll	16	static
tasks.c:922:7:vTaskDelay	8	static
tasks.c:3030:13:prvCheckTasksWaitingTermination	8	static
tasks.c:2690:8:prvIdleTask	8	static
tasks.c:1835:14:uxTaskGetSystemState	24	static
tasks.c:2203:6:vTaskSwitchContext	4	static
tasks.c:1284:7:vTaskSuspend	16	static
tasks.c:2262:6:vTaskPlaceOnEventList	16	static
tasks.c:2321:6:vTaskPlaceOnUnorderedEventList	16	static
tasks.c:2465:12:xTaskRemoveFromEventList	16	static
tasks.c:2533:12:xTaskRemoveFromUnorderedEventList	16	static
tasks.c:2578:6:vTaskSetTimeOutState	0	static
tasks.c:2586:12:xTaskCheckForTimeOut	16	static
tasks.c:2635:6:vTaskMissedYield	0	static
tasks.c:2643:14:uxTaskGetTaskNumber	0	static
tasks.c:2666:7:vTaskSetTaskNumber	0	static
tasks.c:3373:15:xTaskGetCurrentTaskHandle	0	static
tasks.c:3390:13:xTaskGetSchedulerState	0	static
tasks.c:3418:7:vTaskPriorityInherit	16	static
tasks.c:3484:13:xTaskPriorityDisinherit	16	static
tasks.c:3868:12:uxTaskResetEventItemValue	0	static
tasks.c:3884:8:pvTaskIncrementMutexHeldCount	0	static
tasks.c:3901:11:ulTaskNotifyTake	16	static
tasks.c:4014:13:xTaskNotifyWait	24	static
tasks.c:4139:13:xTaskGenericNotify	24	static
tasks.c:4245:13:xTaskGenericNotifyFromISR	32	static
tasks.c:4362:7:vTaskNotifyGiveFromISR	24	static
tasks.c:4444:13:xTaskNotifyStateClear	8	static
