ethernetif.c:433:22:low_level_input	32	static
ethernetif.c:522:6:ethernetif_input	16	static
ethernetif.c:349:14:low_level_output	40	static
ethernetif.c:242:13:low_level_init	56	static
ethernetif.c:116:6:HAL_ETH_MspInit	56	static
ethernetif.c:178:6:HAL_ETH_MspDeInit	8	static
ethernetif.c:223:6:HAL_ETH_RxCpltCallback	8	static
ethernetif.c:584:7:ethernetif_init	8	static
ethernetif.c:631:7:sys_jiffies	8	static
ethernetif.c:642:7:sys_now	8	static
ethernetif.c:655:6:ethernetif_set_link	16	static
ethernetif.c:784:13:ethernetif_notify_conn_changed	0	static
ethernetif.c:696:6:ethernetif_update_config	24	static
