ip_frag.c:313:1:ip_reass_dequeue_datagram	8	static
ip_frag.c:160:1:ip_reass_free_complete_datagram	24	static
ip_frag.c:223:1:ip_reass_remove_oldest_datagram	24	static
ip_frag.c:656:1:ip_frag_free_pbuf_custom_ref	8	static
ip_frag.c:665:1:ipfrag_free_pbuf_custom	8	static
ip_frag.c:339:1:ip_reass_chain_frag_into_datagram_and_validate	24	static
ip_frag.c:649:1:ip_frag_alloc_pbuf_custom_ref	8	static
ip_frag.c:274:1:ip_reass_enqueue_new_datagram	16	static
ip_frag.c:124:1:ip_reass_tmr	16	static
ip_frag.c:484:1:ip4_reass	32	static
ip_frag.c:692:1:ip4_frag	88	static
